warning: sim\Cargo.toml: `default-features` is ignored for bevy, since `default-features` was not specified for `workspace.dependencies.bevy`, this could become a hard error in the future
warning: `sim` (manifest) generated 1 warning
    Updating `rsproxy-sparse` index
     Locking 552 packages to latest compatible versions
   Compiling proc-macro2 v1.0.107
   Compiling unicode-ident v1.0.26
   Compiling quote v1.0.47
   Compiling serde_core v1.0.229
    Checking windows-link v0.2.1
   Compiling libm v0.2.16
    Checking cfg-if v1.0.5
    Checking foldhash v0.2.0
    Checking pin-project-lite v0.2.17
   Compiling serde v1.0.229
    Checking windows-sys v0.61.2
   Compiling syn v3.0.6
   Compiling syn v2.0.119
    Checking equivalent v1.0.2
   Compiling hashbrown v0.17.1
   Compiling winnow v1.0.4
    Checking allocator-api2 v0.2.21
   Compiling toml_parser v1.1.3+spec-1.1.0
    Checking hashbrown v0.16.1
   Compiling indexmap v2.14.2
    Checking log v0.4.34
   Compiling thiserror v2.0.21
   Compiling toml_datetime v1.1.1+spec-1.1.0
   Compiling toml_edit v0.25.15+spec-1.1.0
    Checking parking v2.2.1
    Checking smallvec v1.16.2
   Compiling crossbeam-utils v0.8.23
   Compiling bevy_macro_utils v0.19.1
   Compiling bytemuck_derive v1.12.1
   Compiling serde_derive v1.0.229
   Compiling thiserror-impl v2.0.21
   Compiling autocfg v1.5.1
   Compiling num-traits v0.2.19
    Checking bytemuck v1.25.2
    Checking futures-core v0.3.34
    Checking bitflags v2.13.2
   Compiling getrandom v0.4.3
    Checking event-listener v5.4.2
    Checking futures-io v0.3.34
    Checking fastrand v2.5.0
    Checking raw-window-handle v0.6.2
    Checking arrayvec v0.7.8
    Checking event-listener-strategy v0.5.4
    Checking foldhash v0.1.5
    Checking once_cell v1.21.4
    Checking hashbrown v0.15.5
    Checking uuid v1.26.1
    Checking futures-lite v2.6.1
    Checking concurrent-queue v2.5.0
   Compiling windows-interface v0.59.3
   Compiling windows-implement v0.60.2
    Checking wgpu-types v29.0.4
   Compiling encase_derive_impl v0.12.1
    Checking windows-result v0.4.1
    Checking windows-strings v0.5.1
    Checking typewit v1.15.2
    Checking async-channel v2.5.0
    Checking windows-core v0.62.2
   Compiling typeid v1.0.3
    Checking const_panic v0.2.17
    Checking rand_core v0.10.1
   Compiling unicode-segmentation v1.13.3
    Checking rand v0.10.3
   Compiling convert_case v0.10.0
   Compiling encase_derive v0.12.1
   Compiling unicode-xid v0.2.6
    Checking spin v0.10.1
   Compiling derive_more-impl v2.1.1
    Checking encase v0.12.1
    Checking bevy_platform v0.19.1
    Checking smol_str v0.2.2
    Checking thread_local v1.1.10
    Checking windows-threading v0.2.1
   Compiling erased-serde v0.4.10
    Checking windows-future v0.3.2
    Checking glam v0.32.1
    Checking windows-numerics v0.3.1
    Checking windows-collections v0.3.2
    Checking async-task v4.7.1
   Compiling version_check v0.9.5
    Checking fixedbitset v0.5.7
    Checking disqualified v1.1.0
    Checking atomic-waker v1.1.2
    Checking bevy_utils v0.19.1
    Checking petgraph v0.8.3
   Compiling slotmap v1.1.1
    Checking windows v0.62.2
    Checking derive_more v2.1.1
   Compiling bevy_reflect_derive v0.19.1
   Compiling variadics_please v1.1.0
   Compiling assert_type_match v0.1.1
    Checking slab v0.4.12
    Checking inventory v0.3.24
    Checking bevy_ptr v0.19.1
    Checking downcast-rs v2.0.2
   Compiling bevy_ecs_macro_logic v0.19.1
    Checking memchr v2.8.3
    Checking bevy_reflect v0.19.1
    Checking async-executor v1.14.0
    Checking crossbeam-queue v0.3.14
    Checking nonmax v0.5.5
    Checking bevy_tasks v0.19.1
   Compiling bevy_ecs_macros v0.19.1
    Checking bumpalo v3.20.3
    Checking tracing-core v0.1.36
   Compiling bevy_derive v0.19.1
    Checking ctrlc v3.5.2
   Compiling tracing-attributes v0.1.31
   Compiling zerocopy v0.8.59
    Checking tracing v0.1.44
   Compiling zerocopy-derive v0.8.59
    Checking either v1.18.0
   Compiling winapi v0.3.9
    Checking bevy_ecs v0.19.1
   Compiling shlex v2.0.1
   Compiling libc v0.2.189
   Compiling find-msvc-tools v0.1.14
   Compiling ntapi v0.4.3
   Compiling cc v1.5.1
    Checking half v2.7.1
    Checking crossbeam-channel v0.5.17
   Compiling blake3 v1.8.7
    Checking itertools v0.14.0
    Checking piper v0.2.5
    Checking rand_distr v0.6.0
   Compiling cfg_aliases v0.2.2
    Checking blocking v1.7.0
    Checking bevy_math v0.19.1
    Checking bevy_app v0.19.1
    Checking bevy_time v0.19.1
    Checking async-lock v3.4.2
   Compiling futures-macro v0.3.34
    Checking futures-task v0.3.34
    Checking cpufeatures v0.3.1
    Checking constant_time_eq v0.4.2
    Checking const-fnv1a-hash v1.1.0
    Checking async-fs v2.2.0
    Checking futures-util v0.3.34
    Checking ron v0.12.2
    Checking stackfuture v0.3.1
    Checking async-broadcast v0.7.2
   Compiling bevy_asset_macros v0.19.1
    Checking atomicow v1.2.0
    Checking simd-adler32 v0.3.10
    Checking adler2 v2.0.1
   Compiling crc32fast v1.5.2
    Checking aho-corasick v1.1.5
    Checking regex-syntax v0.8.11
    Checking miniz_oxide v0.9.1
    Checking flate2 v1.1.10
    Checking miniz_oxide v0.8.9
    Checking fdeflate v0.3.7
    Checking regex-automata v0.4.18
   Compiling synstructure v0.14.0
    Checking const_soft_float v0.1.4
    Checking pxfm v0.1.30
    Checking constgebra v0.1.4
    Checking png v0.18.1
    Checking bevy_transform v0.19.1
    Checking bevy_color v0.19.1
    Checking euclid v0.22.14
    Checking moxcms v0.8.1
    Checking twox-hash v2.1.4
    Checking byteorder-lite v0.1.0
    Checking svg_fmt v0.4.5
    Checking ruzstd v0.8.3
    Checking guillotiere v0.6.2
    Checking hexasphere v18.0.0
   Compiling zerofrom-derive v0.1.8
   Compiling bevy_encase_derive v0.19.1
    Checking ktx2 v0.5.0
    Checking rectangle-pack v0.4.2
    Checking bevy_mikktspace v1.0.0
    Checking lazy_static v1.5.0
    Checking zerofrom v0.1.8
   Compiling yoke-derive v0.8.3
    Checking image v0.25.10
    Checking bevy_input v0.19.1
    Checking winapi-util v0.1.11
    Checking stable_deref_trait v1.2.1
    Checking yoke v0.8.3
    Checking termcolor v1.4.1
    Checking sharded-slab v0.1.7
    Checking matchers v0.2.0
    Checking tracing-log v0.2.0
    Checking nu-ansi-term v0.50.3
    Checking unicode-width v0.2.2
   Compiling naga v29.0.4
    Checking tracing-subscriber v0.3.23
   Compiling zerovec-derive v0.11.6
    Checking bit-vec v0.9.1
    Checking sysinfo v0.38.4
    Checking bit-set v0.9.1
    Checking codespan-reporting v0.13.1
    Checking bevy_diagnostic v0.19.1
    Checking spirv v0.4.0+sdk-1.4.341.0
    Checking bevy_log v0.19.1
    Checking zerovec v0.11.8
   Compiling displaydoc v0.2.7
    Checking bevy_asset v0.19.1
    Checking hexf-parse v0.2.1
    Checking rustc-hash v1.1.0
    Checking writeable v0.6.4
    Checking tinystr v0.8.4
   Compiling ash v0.38.0+1.3.281
   Compiling parking_lot_core v0.9.12
    Checking litemap v0.8.3
    Checking potential_utf v0.1.6
    Checking icu_locale_core v2.3.0
    Checking zerotrie v0.2.5
    Checking libloading v0.8.9
    Checking scopeguard v1.2.0
    Checking lock_api v0.4.14
    Checking icu_provider v2.3.1
   Compiling wgpu-hal v29.0.4
    Checking gpu-descriptor-types v0.2.0
    Checking presser v0.3.1
    Checking utf8_iter v1.0.4
    Checking icu_collections v2.3.0
    Checking gpu-descriptor v0.3.2
    Checking bevy_image v0.19.1
    Checking bevy_mesh v0.19.1
    Checking bevy_window v0.19.1
    Checking parking_lot v0.12.5
    Checking codespan-reporting v0.12.0
    Checking regex v1.13.1
    Checking bevy_camera v0.19.1
    Checking ordered-float v5.5.0
    Checking font-types v0.11.3
    Checking wgpu-naga-bridge v29.0.4
    Checking renderdoc-sys v1.1.0
    Checking profiling v1.0.18
    Checking static_assertions v1.1.0
    Checking data-encoding v2.11.1
   Compiling icu_locale_fallback_data v2.3.0
   Compiling icu_properties_data v2.3.0
    Checking range-alloc v0.1.5
    Checking naga_oil v0.22.0
    Checking read-fonts v0.39.2
   Compiling wgpu-core v29.0.4
   Compiling icu_segmenter_data v2.3.0
   Compiling litrs v1.0.0
   Compiling icu_normalizer_data v2.3.0
    Checking bevy_shader v0.19.1
   Compiling document-features v0.2.12
   Compiling wgpu v29.0.4
    Checking font-types v0.12.5
   Compiling bevy_gizmos_macros v0.19.1
    Checking gpu-allocator v0.28.0
   Compiling bevy_material_macros v0.19.1
    Checking bevy_gizmos v0.19.1
    Checking bevy_material v0.19.1
    Checking read-fonts v0.41.0
    Checking icu_locale_fallback v2.3.0
    Checking icu_properties v2.3.0
    Checking core_maths v0.1.1
    Checking linebender_resource_handle v0.1.1
    Checking memmap2 v0.9.11
    Checking parlance v0.1.0
    Checking parley_data v0.9.0
    Checking fontique v0.9.0
    Checking harfrust v0.6.2
    Checking wgpu-core-deps-windows-linux-android v29.0.4
    Checking icu_normalizer v2.3.0
    Checking icu_segmenter v2.3.0
    Checking skrifa v0.42.1
    Checking bevy_light v0.19.1
    Checking bevy_picking v0.19.1
    Checking skrifa v0.44.0
    Checking offset-allocator v0.2.0
    Checking accesskit v0.24.1
   Compiling bevy_render_macros v0.19.1
    Checking yazi v0.2.1
    Checking byteorder v1.5.0
   Compiling zmij v1.0.23
    Checking weak-table v0.3.2
    Checking zeno v0.3.3
    Checking parley v0.9.0
    Checking swash v0.2.10
    Checking bevy_clipboard v0.19.1
   Compiling serde_json v1.0.151
    Checking bevy_render v0.19.1
    Checking sys-locale v0.3.2
   Compiling windows_x86_64_msvc v0.52.6
    Checking radsort v0.1.1
   Compiling inflections v1.1.1
    Checking itoa v1.0.18
   Compiling gltf-derive v1.4.1
    Checking windows-targets v0.52.6
    Checking bevy_input_focus v0.19.1
    Checking bevy_text v0.19.1
    Checking gltf-json v1.4.1
    Checking bevy_a11y v0.19.1
   Compiling winit v0.30.13
    Checking bevy_sprite v0.19.1
    Checking num-integer v0.1.47
   Compiling bevy_animation_macros v0.19.1
    Checking grid v1.0.1
   Compiling cpal v0.17.3
    Checking bevy_animation v0.19.1
    Checking taffy v0.10.1
    Checking num-bigint v0.4.8
    Checking gltf v1.4.1
    Checking windows-sys v0.52.0
    Checking ogg v0.8.0
    Checking accesskit_consumer v0.35.0
    Checking bevy_world_serialization v0.19.1
    Checking base64 v0.22.1
    Checking cursor-icon v1.2.0
    Checking percent-encoding v2.3.2
    Checking dpi v0.1.2
    Checking tinyvec v1.13.3
    Checking dasp_sample v0.11.0
   Compiling gilrs v0.11.2
    Checking lewton v0.10.2
    Checking bevy_gltf v0.19.1
    Checking accesskit_windows v0.32.1
    Checking num-rational v0.4.2
    Checking bevy_ui v0.19.1
    Checking gilrs-core v0.6.8
    Checking fnv v1.0.7
    Checking vec_map v0.8.2
    Checking rodio v0.22.2
    Checking accesskit_winit v0.32.2
   Compiling bevy_scene_macros v0.19.1
    Checking approx v0.5.1
   Compiling bevy_state_macros v0.19.1
    Checking bevy_state v0.19.1
    Checking bevy_scene v0.19.1
    Checking bevy_winit v0.19.1
    Checking bevy_audio v0.19.1
    Checking bevy_ui_widgets v0.19.1
    Checking bevy_gilrs v0.19.1
    Checking bevy_core_pipeline v0.19.1
    Checking bevy_sprite_render v0.19.1
    Checking bevy_pbr v0.19.1
    Checking bevy_anti_alias v0.19.1
    Checking bevy_post_process v0.19.1
    Checking bevy_ui_render v0.19.1
    Checking bevy_gizmos_render v0.19.1
    Checking bevy_internal v0.19.1
    Checking bevy v0.19.1
    Checking sim v0.1.0 (<home>\Desktop\ccc\wanzhen\sim)
    Finished `dev` profile [unoptimized + debuginfo] target(s) in 2m 03s
CHECK_EXIT=0
