   Compiling unicode-ident v1.0.26
   Compiling serde_core v1.0.229
   Compiling proc-macro2 v1.0.107
   Compiling quote v1.0.47
   Compiling syn v3.0.6
   Compiling syn v2.0.119
   Compiling bytemuck_derive v1.12.1
   Compiling cfg-if v1.0.5
   Compiling foldhash v0.2.0
   Compiling bytemuck v1.25.2
   Compiling windows-sys v0.61.2
   Compiling bitflags v2.13.2
   Compiling serde_derive v1.0.229
   Compiling allocator-api2 v0.2.21
   Compiling indexmap v2.14.2
   Compiling serde v1.0.229
   Compiling hashbrown v0.16.1
   Compiling log v0.4.34
   Compiling toml_edit v0.25.15+spec-1.1.0
   Compiling thiserror-impl v2.0.21
   Compiling bevy_macro_utils v0.19.1
   Compiling thiserror v2.0.21
   Compiling hashbrown v0.17.1
   Compiling parking v2.2.1
   Compiling smallvec v1.16.2
   Compiling futures-core v0.3.34
   Compiling crossbeam-utils v0.8.23
   Compiling num-traits v0.2.19
   Compiling event-listener v5.4.2
   Compiling fastrand v2.5.0
   Compiling arrayvec v0.7.8
   Compiling raw-window-handle v0.6.2
   Compiling futures-io v0.3.34
   Compiling event-listener-strategy v0.5.4
   Compiling getrandom v0.4.3
   Compiling once_cell v1.21.4
   Compiling foldhash v0.1.5
   Compiling uuid v1.26.1
   Compiling hashbrown v0.15.5
   Compiling futures-lite v2.6.1
   Compiling concurrent-queue v2.5.0
   Compiling unicode-segmentation v1.13.3
   Compiling wgpu-types v29.0.4
   Compiling windows-implement v0.60.2
   Compiling windows-interface v0.59.3
   Compiling windows-strings v0.5.1
   Compiling windows-result v0.4.1
   Compiling encase_derive_impl v0.12.1
   Compiling typewit v1.15.2
   Compiling const_panic v0.2.17
   Compiling windows-core v0.62.2
   Compiling async-channel v2.5.0
   Compiling rand_core v0.10.1
   Compiling rand v0.10.3
   Compiling encase_derive v0.12.1
   Compiling convert_case v0.10.0
   Compiling spin v0.10.1
   Compiling bevy_platform v0.19.1
   Compiling derive_more-impl v2.1.1
   Compiling encase v0.12.1
   Compiling smol_str v0.2.2
   Compiling thread_local v1.1.10
   Compiling windows-threading v0.2.1
   Compiling windows-future v0.3.2
   Compiling glam v0.32.1
   Compiling derive_more v2.1.1
   Compiling windows-collections v0.3.2
   Compiling windows-numerics v0.3.1
   Compiling fixedbitset v0.5.7
   Compiling async-task v4.7.1
   Compiling disqualified v1.1.0
   Compiling bevy_utils v0.19.1
   Compiling petgraph v0.8.3
   Compiling windows v0.62.2
   Compiling erased-serde v0.4.10
   Compiling bevy_reflect_derive v0.19.1
   Compiling assert_type_match v0.1.1
   Compiling variadics_please v1.1.0
   Compiling slab v0.4.12
   Compiling inventory v0.3.24
   Compiling downcast-rs v2.0.2
   Compiling bevy_reflect v0.19.1
   Compiling bevy_ecs_macro_logic v0.19.1
   Compiling memchr v2.8.3
   Compiling slotmap v1.1.1
   Compiling async-executor v1.14.0
   Compiling crossbeam-queue v0.3.14
   Compiling nonmax v0.5.5
   Compiling bevy_tasks v0.19.1
   Compiling bevy_ecs_macros v0.19.1
   Compiling bevy_ecs v0.19.1
   Compiling tracing-core v0.1.36
   Compiling bevy_derive v0.19.1
   Compiling ctrlc v3.5.2
   Compiling tracing-attributes v0.1.31
   Compiling bevy_app v0.19.1
   Compiling tracing v0.1.44
   Compiling zerocopy-derive v0.8.59
   Compiling either v1.18.0
   Compiling winapi v0.3.9
   Compiling zerocopy v0.8.59
   Compiling crossbeam-channel v0.5.17
   Compiling bevy_time v0.19.1
   Compiling half v2.7.1
   Compiling ntapi v0.4.3
   Compiling libc v0.2.189
   Compiling itertools v0.14.0
   Compiling piper v0.2.5
   Compiling rand_distr v0.6.0
   Compiling blocking v1.7.0
   Compiling bevy_math v0.19.1
   Compiling sysinfo v0.38.4
   Compiling async-lock v3.4.2
   Compiling futures-macro v0.3.34
   Compiling constant_time_eq v0.4.2
   Compiling futures-task v0.3.34
   Compiling cpufeatures v0.3.1
   Compiling bevy_diagnostic v0.19.1
   Compiling blake3 v1.8.7
   Compiling futures-util v0.3.34
   Compiling async-fs v2.2.0
   Compiling ron v0.12.2
   Compiling stackfuture v0.3.1
   Compiling async-broadcast v0.7.2
   Compiling bevy_asset_macros v0.19.1
   Compiling atomicow v1.2.0
   Compiling bevy_asset v0.19.1
   Compiling simd-adler32 v0.3.10
   Compiling adler2 v2.0.1
   Compiling aho-corasick v1.1.5
   Compiling regex-syntax v0.8.11
   Compiling regex-automata v0.4.18
   Compiling crc32fast v1.5.2
   Compiling miniz_oxide v0.9.1
   Compiling flate2 v1.1.10
   Compiling miniz_oxide v0.8.9
   Compiling fdeflate v0.3.7
   Compiling synstructure v0.14.0
   Compiling pxfm v0.1.30
   Compiling const_soft_float v0.1.4
   Compiling constgebra v0.1.4
   Compiling png v0.18.1
   Compiling moxcms v0.8.1
   Compiling bevy_color v0.19.1
   Compiling bevy_transform v0.19.1
   Compiling euclid v0.22.14
   Compiling svg_fmt v0.4.5
   Compiling twox-hash v2.1.4
   Compiling byteorder-lite v0.1.0
   Compiling guillotiere v0.6.2
   Compiling image v0.25.10
   Compiling ruzstd v0.8.3
   Compiling hexasphere v18.0.0
   Compiling zerofrom-derive v0.1.8
   Compiling bevy_encase_derive v0.19.1
   Compiling ktx2 v0.5.0
   Compiling bevy_mikktspace v1.0.0
   Compiling rectangle-pack v0.4.2
   Compiling lazy_static v1.5.0
   Compiling bevy_image v0.19.1
   Compiling bevy_mesh v0.19.1
   Compiling zerofrom v0.1.8
   Compiling yoke-derive v0.8.3
   Compiling bevy_input v0.19.1
   Compiling winapi-util v0.1.11
   Compiling stable_deref_trait v1.2.1
   Compiling yoke v0.8.3
   Compiling termcolor v1.4.1
   Compiling sharded-slab v0.1.7
   Compiling matchers v0.2.0
   Compiling tracing-log v0.2.0
   Compiling nu-ansi-term v0.50.3
   Compiling unicode-width v0.2.2
   Compiling tracing-subscriber v0.3.23
   Compiling bevy_window v0.19.1
   Compiling zerovec-derive v0.11.6
   Compiling bit-vec v0.9.1
   Compiling bit-set v0.9.1
   Compiling zerovec v0.11.8
   Compiling bevy_camera v0.19.1
   Compiling bevy_log v0.19.1
   Compiling codespan-reporting v0.13.1
   Compiling spirv v0.4.0+sdk-1.4.341.0
   Compiling displaydoc v0.2.7
   Compiling hexf-parse v0.2.1
   Compiling rustc-hash v1.1.0
   Compiling naga v29.0.4
   Compiling writeable v0.6.4
   Compiling tinystr v0.8.4
   Compiling litemap v0.8.3
   Compiling icu_locale_core v2.3.0
   Compiling wgpu-naga-bridge v29.0.4
   Compiling potential_utf v0.1.6
   Compiling zerotrie v0.2.5
   Compiling libloading v0.8.9
   Compiling scopeguard v1.2.0
   Compiling lock_api v0.4.14
   Compiling ash v0.38.0+1.3.281
   Compiling icu_provider v2.3.1
   Compiling parking_lot_core v0.9.12
   Compiling gpu-descriptor-types v0.2.0
   Compiling utf8_iter v1.0.4
   Compiling presser v0.3.1
   Compiling gpu-allocator v0.28.0
   Compiling icu_collections v2.3.0
   Compiling gpu-descriptor v0.3.2
   Compiling parking_lot v0.12.5
   Compiling codespan-reporting v0.12.0
   Compiling regex v1.13.1
   Compiling ordered-float v5.5.0
   Compiling font-types v0.11.3
   Compiling profiling v1.0.18
   Compiling static_assertions v1.1.0
   Compiling renderdoc-sys v1.1.0
   Compiling data-encoding v2.11.1
   Compiling range-alloc v0.1.5
   Compiling wgpu-hal v29.0.4
   Compiling naga_oil v0.22.0
   Compiling read-fonts v0.39.2
   Compiling icu_properties_data v2.3.0
   Compiling icu_locale_fallback_data v2.3.0
   Compiling wgpu-core-deps-windows-linux-android v29.0.4
   Compiling bevy_shader v0.19.1
   Compiling bevy_gizmos_macros v0.19.1
   Compiling bevy_material_macros v0.19.1
   Compiling font-types v0.12.5
   Compiling read-fonts v0.41.0
   Compiling bevy_material v0.19.1
   Compiling bevy_gizmos v0.19.1
   Compiling wgpu-core v29.0.4
   Compiling icu_locale_fallback v2.3.0
   Compiling icu_properties v2.3.0
   Compiling icu_normalizer_data v2.3.0
   Compiling icu_segmenter_data v2.3.0
   Compiling core_maths v0.1.1
   Compiling memmap2 v0.9.11
   Compiling parlance v0.1.0
   Compiling linebender_resource_handle v0.1.1
   Compiling fontique v0.9.0
   Compiling wgpu v29.0.4
   Compiling harfrust v0.6.2
   Compiling icu_segmenter v2.3.0
   Compiling icu_normalizer v2.3.0
   Compiling parley_data v0.9.0
   Compiling bevy_light v0.19.1
   Compiling skrifa v0.44.0
   Compiling skrifa v0.42.1
   Compiling bevy_picking v0.19.1
   Compiling offset-allocator v0.2.0
   Compiling accesskit v0.24.1
   Compiling bevy_render_macros v0.19.1
   Compiling weak-table v0.3.2
   Compiling zeno v0.3.3
   Compiling yazi v0.2.1
   Compiling byteorder v1.5.0
   Compiling swash v0.2.10
   Compiling bevy_render v0.19.1
   Compiling parley v0.9.0
   Compiling bevy_clipboard v0.19.1
   Compiling sys-locale v0.3.2
   Compiling bevy_text v0.19.1
   Compiling zmij v1.0.23
   Compiling itoa v1.0.18
   Compiling radsort v0.1.1
   Compiling bevy_sprite v0.19.1
   Compiling serde_json v1.0.151
   Compiling gltf-derive v1.4.1
   Compiling windows_x86_64_msvc v0.52.6
   Compiling windows-targets v0.52.6
   Compiling gltf-json v1.4.1
   Compiling bevy_core_pipeline v0.19.1
   Compiling bevy_input_focus v0.19.1
   Compiling bevy_a11y v0.19.1
   Compiling num-integer v0.1.47
   Compiling bevy_animation_macros v0.19.1
   Compiling grid v1.0.1
   Compiling taffy v0.10.1
   Compiling bevy_animation v0.19.1
   Compiling num-bigint v0.4.8
   Compiling gltf v1.4.1
   Compiling windows-sys v0.52.0
   Compiling ogg v0.8.0
   Compiling accesskit_consumer v0.35.0
   Compiling bevy_world_serialization v0.19.1
   Compiling tinyvec v1.13.3
   Compiling base64 v0.22.1
   Compiling dasp_sample v0.11.0
   Compiling cursor-icon v1.2.0
   Compiling dpi v0.1.2
   Compiling percent-encoding v2.3.2
   Compiling bevy_gltf v0.19.1
   Compiling winit v0.30.13
   Compiling cpal v0.17.3
   Compiling lewton v0.10.2
   Compiling accesskit_windows v0.32.1
   Compiling num-rational v0.4.2
   Compiling bevy_ui v0.19.1
   Compiling bevy_sprite_render v0.19.1
   Compiling gilrs-core v0.6.8
   Compiling vec_map v0.8.2
   Compiling fnv v1.0.7
   Compiling gilrs v0.11.2
   Compiling rodio v0.22.2
   Compiling accesskit_winit v0.32.2
   Compiling bevy_pbr v0.19.1
   Compiling bevy_scene_macros v0.19.1
   Compiling approx v0.5.1
   Compiling bevy_state_macros v0.19.1
   Compiling bevy_state v0.19.1
   Compiling bevy_winit v0.19.1
   Compiling bevy_scene v0.19.1
   Compiling bevy_audio v0.19.1
   Compiling bevy_gilrs v0.19.1
   Compiling bevy_ui_render v0.19.1
   Compiling bevy_ui_widgets v0.19.1
   Compiling bevy_anti_alias v0.19.1
   Compiling bevy_gizmos_render v0.19.1
   Compiling bevy_post_process v0.19.1
   Compiling bevy_internal v0.19.1
   Compiling bevy v0.19.1
   Compiling render-spike v0.1.0 (<TREE>\render-spike)
    Finished `test` profile [unoptimized + debuginfo] target(s) in 7m 12s
     Running unittests src\main.rs (target\debug\deps\render_spike-07782751a3143dda.exe)
error: test failed, to rerun pass `-p render-spike --bin render-spike`
