
running 10 tests
test grid::tests::w2_min_spacing_exceeds_capsule_diameter ... ok
test grid::tests::w2_edge_99_and_row_start_100 ... ok
test grid::tests::w2_unit_zero_at_min_corner ... ok
test grid::tests::w2_jitter_strictly_inside_open_interval ... ok
test ring::tests::w3_capacity_one ... ok
test ring::tests::w3_capacity_semantics ... ok
test stats::tests::w4_sample_metrics_match_hand_calc ... ok
test rng::tests::same_seed_same_sequence ... ok
test ring::tests::w3_overflow_panics - should panic ... ok
test rng::tests::golden_sequence_seed42_first8 ... FAILED

failures:

---- rng::tests::golden_sequence_seed42_first8 stdout ----

thread 'rng::tests::golden_sequence_seed42_first8' (24356) panicked at render-spike\src\rng.rs:47:9:
assertion `left == right` failed: W1 黄金值未固化：实测 got=[13679457532755275413, 2949826092126892291, 5139283748462763858, 6349198060258255764, 701532786141963250, 16015981125662989062, 4028864712777624925, 14769051326987775908]
  left: [13679457532755275413, 2949826092126892291, 5139283748462763858, 6349198060258255764, 701532786141963250, 16015981125662989062, 4028864712777624925, 14769051326987775908]
 right: [0, 0, 0, 0, 0, 0, 0, 0]


failures:
    rng::tests::golden_sequence_seed42_first8

test result: FAILED. 9 passed; 1 failed; 0 ignored; 0 measured; 0 filtered out; finished in 0.00s

