== T019 spectate smoke 2026-10-07 06:43:26 ==
== host exe: /c/Users/Administrator/Desktop/ccc/wanzhen/docs/evidence/t019/../../../target/release/host.exe ==
[CHK-00-port-15715-free] PASS
[CHK-00-port-15716-free] PASS
[CHK-00-port-15717-free] PASS
== host1 pid 2455 (spectate autorun, port 15715) ==
[CHK-01-port-ready] PASS
[CHK-02-banner-mode-spectate] PASS
[CHK-02b-banner-loopback-port] PASS
[CHK-02c-banner-loopback-constraint] PASS
[CHK-02d-banner-autodeploy] PASS
--- REQ #1 (port 15715): {"jsonrpc":"2.0","id":1,"method":"game.state_hash","params":{}}
--- RESP #1 (port 15715): {"jsonrpc":"2.0","id":1,"result":{"state_hash":"0xde9e6bd136cbd96d","tick":10}}
[CHK-03-statehash-shape] PASS
--- REQ #1 (port 15715): {"jsonrpc":"2.0","id":1,"method":"game.state_hash","params":{}}
--- RESP #1 (port 15715): {"jsonrpc":"2.0","id":1,"result":{"state_hash":"0x4d0c6a6f46c936c9","tick":14}}
--- REQ #1 (port 15715): {"jsonrpc":"2.0","id":1,"method":"game.state_hash","params":{}}
--- RESP #1 (port 15715): {"jsonrpc":"2.0","id":1,"result":{"state_hash":"0xb754fd3637ce836f","tick":50}}
--- REQ #1 (port 15715): {"jsonrpc":"2.0","id":1,"method":"game.state_hash","params":{}}
--- RESP #1 (port 15715): {"jsonrpc":"2.0","id":1,"result":{"state_hash":"0x0fb9c99c81bc5e5a","tick":87}}
--- REQ #1 (port 15715): {"jsonrpc":"2.0","id":1,"method":"game.state_hash","params":{}}
--- RESP #1 (port 15715): {"jsonrpc":"2.0","id":1,"result":{"state_hash":"0xdd0942ac031e1b99","tick":123}}
--- REQ #1 (port 15715): {"jsonrpc":"2.0","id":1,"method":"game.state_hash","params":{}}
--- RESP #1 (port 15715): {"jsonrpc":"2.0","id":1,"result":{"state_hash":"0xdb9a40dd3e516b0f","tick":159}}
--- REQ #1 (port 15715): {"jsonrpc":"2.0","id":1,"method":"game.state_hash","params":{}}
--- RESP #1 (port 15715): {"jsonrpc":"2.0","id":1,"result":{"state_hash":"0xf6bbc40254c04514","tick":195}}
--- REQ #1 (port 15715): {"jsonrpc":"2.0","id":1,"method":"game.state_hash","params":{}}
--- RESP #1 (port 15715): {"jsonrpc":"2.0","id":1,"result":{"state_hash":"0xd8417ea3dfcbc57f","tick":231}}
--- REQ #1 (port 15715): {"jsonrpc":"2.0","id":1,"method":"game.state_hash","params":{}}
--- RESP #1 (port 15715): {"jsonrpc":"2.0","id":1,"result":{"state_hash":"0xa1a3ae86761c0bf1","tick":267}}
--- REQ #1 (port 15715): {"jsonrpc":"2.0","id":1,"method":"game.state_hash","params":{}}
--- RESP #1 (port 15715): {"jsonrpc":"2.0","id":1,"result":{"state_hash":"0x7e9c9f99a83e26e6","tick":303}}
--- REQ #1 (port 15715): {"jsonrpc":"2.0","id":1,"method":"game.state_hash","params":{}}
--- RESP #1 (port 15715): {"jsonrpc":"2.0","id":1,"result":{"state_hash":"0xd35be998d3186680","tick":339}}
--- REQ #1 (port 15715): {"jsonrpc":"2.0","id":1,"method":"game.state_hash","params":{}}
--- RESP #1 (port 15715): {"jsonrpc":"2.0","id":1,"result":{"state_hash":"0x15917ee52cd9c7c1","tick":375}}
--- REQ #1 (port 15715): {"jsonrpc":"2.0","id":1,"method":"game.state_hash","params":{}}
--- RESP #1 (port 15715): {"jsonrpc":"2.0","id":1,"result":{"state_hash":"0x86859f39027c29b9","tick":411}}
--- REQ #1 (port 15715): {"jsonrpc":"2.0","id":1,"method":"game.state_hash","params":{}}
--- RESP #1 (port 15715): {"jsonrpc":"2.0","id":1,"result":{"state_hash":"0x63fff288cc515e50","tick":448}}
--- REQ #1 (port 15715): {"jsonrpc":"2.0","id":1,"method":"game.state_hash","params":{}}
--- RESP #1 (port 15715): {"jsonrpc":"2.0","id":1,"result":{"state_hash":"0xd92d80a2aaff9638","tick":484}}
--- REQ #1 (port 15715): {"jsonrpc":"2.0","id":1,"method":"game.state_hash","params":{}}
--- RESP #1 (port 15715): {"jsonrpc":"2.0","id":1,"result":{"state_hash":"0x278c113a8708dd7d","tick":519}}
--- REQ #1 (port 15715): {"jsonrpc":"2.0","id":1,"method":"game.state_hash","params":{}}
--- RESP #1 (port 15715): {"jsonrpc":"2.0","id":1,"result":{"state_hash":"0x8fc8aeb462916c70","tick":555}}
--- REQ #1 (port 15715): {"jsonrpc":"2.0","id":1,"method":"game.state_hash","params":{}}
--- RESP #1 (port 15715): {"jsonrpc":"2.0","id":1,"result":{"state_hash":"0x553d22daf52dc47f","tick":591}}
--- REQ #1 (port 15715): {"jsonrpc":"2.0","id":1,"method":"game.state_hash","params":{}}
--- RESP #1 (port 15715): {"jsonrpc":"2.0","id":1,"result":{"state_hash":"0xf602d29caa6fa352","tick":628}}
--- REQ #1 (port 15715): {"jsonrpc":"2.0","id":1,"method":"game.state_hash","params":{}}
--- RESP #1 (port 15715): {"jsonrpc":"2.0","id":1,"result":{"state_hash":"0xd4fb5c07a5428d1e","tick":663}}
--- REQ #1 (port 15715): {"jsonrpc":"2.0","id":1,"method":"game.state_hash","params":{}}
--- RESP #1 (port 15715): {"jsonrpc":"2.0","id":1,"result":{"state_hash":"0x04295d73e4170622","tick":699}}
--- REQ #1 (port 15715): {"jsonrpc":"2.0","id":1,"method":"game.state_hash","params":{}}
--- RESP #1 (port 15715): {"jsonrpc":"2.0","id":1,"result":{"state_hash":"0xffcf29c718e58d14","tick":735}}
--- REQ #1 (port 15715): {"jsonrpc":"2.0","id":1,"method":"game.state_hash","params":{}}
--- RESP #1 (port 15715): {"jsonrpc":"2.0","id":1,"result":{"state_hash":"0x7a575b87a6e7b6f6","tick":771}}
--- REQ #1 (port 15715): {"jsonrpc":"2.0","id":1,"method":"game.state_hash","params":{}}
--- RESP #1 (port 15715): {"jsonrpc":"2.0","id":1,"result":{"state_hash":"0x72de6da4a1026347","tick":807}}
--- REQ #1 (port 15715): {"jsonrpc":"2.0","id":1,"method":"game.state_hash","params":{}}
--- RESP #1 (port 15715): {"jsonrpc":"2.0","id":1,"result":{"state_hash":"0x0a07f45650034001","tick":843}}
--- REQ #1 (port 15715): {"jsonrpc":"2.0","id":1,"method":"game.state_hash","params":{}}
--- RESP #1 (port 15715): {"jsonrpc":"2.0","id":1,"result":{"state_hash":"0xae2c2e2bda117f3d","tick":879}}
--- REQ #1 (port 15715): {"jsonrpc":"2.0","id":1,"method":"game.state_hash","params":{}}
--- RESP #1 (port 15715): {"jsonrpc":"2.0","id":1,"result":{"state_hash":"0x8577f1c3a25576c9","tick":915}}
--- REQ #1 (port 15715): {"jsonrpc":"2.0","id":1,"method":"game.state_hash","params":{}}
--- RESP #1 (port 15715): {"jsonrpc":"2.0","id":1,"result":{"state_hash":"0x127ee16e4ca00257","tick":950}}
--- REQ #1 (port 15715): {"jsonrpc":"2.0","id":1,"method":"game.state_hash","params":{}}
--- RESP #1 (port 15715): {"jsonrpc":"2.0","id":1,"result":{"state_hash":"0x339de4a2f9ecb11b","tick":986}}
--- REQ #1 (port 15715): {"jsonrpc":"2.0","id":1,"method":"game.state_hash","params":{}}
--- RESP #1 (port 15715): {"jsonrpc":"2.0","id":1,"result":{"state_hash":"0xf00eb3e33de78610","tick":1022}}
--- REQ #1 (port 15715): {"jsonrpc":"2.0","id":1,"method":"game.state_hash","params":{}}
--- RESP #1 (port 15715): {"jsonrpc":"2.0","id":1,"result":{"state_hash":"0xe704c91524479166","tick":1058}}
--- REQ #1 (port 15715): {"jsonrpc":"2.0","id":1,"method":"game.state_hash","params":{}}
--- RESP #1 (port 15715): {"jsonrpc":"2.0","id":1,"result":{"state_hash":"0x0548217952d31e47","tick":1094}}
--- REQ #1 (port 15715): {"jsonrpc":"2.0","id":1,"method":"game.state_hash","params":{}}
--- RESP #1 (port 15715): {"jsonrpc":"2.0","id":1,"result":{"state_hash":"0x98d71849e9b31275","tick":1130}}
--- REQ #1 (port 15715): {"jsonrpc":"2.0","id":1,"method":"game.state_hash","params":{}}
--- RESP #1 (port 15715): {"jsonrpc":"2.0","id":1,"result":{"state_hash":"0xad186c93e8777b1f","tick":1166}}
--- REQ #1 (port 15715): {"jsonrpc":"2.0","id":1,"method":"game.state_hash","params":{}}
--- RESP #1 (port 15715): {"jsonrpc":"2.0","id":1,"result":{"state_hash":"0x2e8fcebdf461c180","tick":1202}}
--- REQ #1 (port 15715): {"jsonrpc":"2.0","id":1,"method":"game.state_hash","params":{}}
--- RESP #1 (port 15715): {"jsonrpc":"2.0","id":1,"result":{"state_hash":"0xb5e75bc7e06d13e7","tick":1238}}
--- REQ #1 (port 15715): {"jsonrpc":"2.0","id":1,"method":"game.state_hash","params":{}}
--- RESP #1 (port 15715): {"jsonrpc":"2.0","id":1,"result":{"state_hash":"0x48298d0638a19083","tick":1273}}
--- REQ #1 (port 15715): {"jsonrpc":"2.0","id":1,"method":"game.state_hash","params":{}}
--- RESP #1 (port 15715): {"jsonrpc":"2.0","id":1,"result":{"state_hash":"0xa679d96f194fc2b5","tick":1310}}
--- REQ #1 (port 15715): {"jsonrpc":"2.0","id":1,"method":"game.state_hash","params":{}}
--- RESP #1 (port 15715): {"jsonrpc":"2.0","id":1,"result":{"state_hash":"0x6fb2c1e1e0a09644","tick":1345}}
--- REQ #1 (port 15715): {"jsonrpc":"2.0","id":1,"method":"game.state_hash","params":{}}
--- RESP #1 (port 15715): {"jsonrpc":"2.0","id":1,"result":{"state_hash":"0x2e19f36f41b5eee5","tick":1381}}
--- REQ #1 (port 15715): {"jsonrpc":"2.0","id":1,"method":"game.state_hash","params":{}}
--- RESP #1 (port 15715): {"jsonrpc":"2.0","id":1,"result":{"state_hash":"0x8699896a88eac0c0","tick":1417}}
--- REQ #1 (port 15715): {"jsonrpc":"2.0","id":1,"method":"game.state_hash","params":{}}
--- RESP #1 (port 15715): {"jsonrpc":"2.0","id":1,"result":{"state_hash":"0xe069d7a649e6b3a9","tick":1453}}
--- REQ #1 (port 15715): {"jsonrpc":"2.0","id":1,"method":"game.state_hash","params":{}}
--- RESP #1 (port 15715): {"jsonrpc":"2.0","id":1,"result":{"state_hash":"0x58483ce4d860b9c7","tick":1489}}
--- REQ #1 (port 15715): {"jsonrpc":"2.0","id":1,"method":"game.state_hash","params":{}}
--- RESP #1 (port 15715): {"jsonrpc":"2.0","id":1,"result":{"state_hash":"0x271a938849b0bb88","tick":1525}}
--- REQ #1 (port 15715): {"jsonrpc":"2.0","id":1,"method":"game.state_hash","params":{}}
--- RESP #1 (port 15715): {"jsonrpc":"2.0","id":1,"result":{"state_hash":"0x56637cc77dd05a16","tick":1561}}
--- REQ #1 (port 15715): {"jsonrpc":"2.0","id":1,"method":"game.state_hash","params":{}}
--- RESP #1 (port 15715): {"jsonrpc":"2.0","id":1,"result":{"state_hash":"0x68c37775d14813b0","tick":1597}}
--- REQ #1 (port 15715): {"jsonrpc":"2.0","id":1,"method":"game.state_hash","params":{}}
--- RESP #1 (port 15715): {"jsonrpc":"2.0","id":1,"result":{"state_hash":"0x2563ad2e6c2ae59a","tick":1633}}
--- REQ #1 (port 15715): {"jsonrpc":"2.0","id":1,"method":"game.state_hash","params":{}}
--- RESP #1 (port 15715): {"jsonrpc":"2.0","id":1,"result":{"state_hash":"0xf31cd7cb0833fdaa","tick":1669}}
--- REQ #1 (port 15715): {"jsonrpc":"2.0","id":1,"method":"game.state_hash","params":{}}
--- RESP #1 (port 15715): {"jsonrpc":"2.0","id":1,"result":{"state_hash":"0x28e970b009dbb51d","tick":1705}}
--- REQ #1 (port 15715): {"jsonrpc":"2.0","id":1,"method":"game.state_hash","params":{}}
--- RESP #1 (port 15715): {"jsonrpc":"2.0","id":1,"result":{"state_hash":"0x45e561a543935ca7","tick":1740}}
--- REQ #1 (port 15715): {"jsonrpc":"2.0","id":1,"method":"game.state_hash","params":{}}
--- RESP #1 (port 15715): {"jsonrpc":"2.0","id":1,"result":{"state_hash":"0x87e78f1480da8d3b","tick":1776}}
--- REQ #1 (port 15715): {"jsonrpc":"2.0","id":1,"method":"game.state_hash","params":{}}
--- RESP #1 (port 15715): {"jsonrpc":"2.0","id":1,"result":{"state_hash":"0xb82a248ff23515e2","tick":1800}}
[CHK-04-autoran-frozen] PASS
--- REQ #1 (port 15715): {"jsonrpc":"2.0","id":1,"method":"game.outcome","params":{}}
--- RESP #1 (port 15715): {"jsonrpc":"2.0","id":1,"result":{"alive_blue":23,"alive_red":23,"end_tick":1800,"final_hash":"0xb82a248ff23515e2","winner":"red"}}
spectate melee-brawl seed7: end_tick=1800 final_hash="final_hash":"0xb82a248ff23515e2" (frozen_at: {"jsonrpc":"2.0","id":1,"result":{"state_hash":"0xb82a248ff23515e2","tick":1800}})
[CHK-05-anchor-mb-bitexact] PASS
--- REQ #1 (port 15715): {"jsonrpc":"2.0","id":1,"method":"game.state_hash","params":{}}
--- RESP #1 (port 15715): {"jsonrpc":"2.0","id":1,"result":{"state_hash":"0xb82a248ff23515e2","tick":1800}}
[CHK-05b-statehash-frozen-consistent] PASS
--- REQ #1 (port 15715): {"jsonrpc":"2.0","id":1,"method":"game.run_to_tick","params":{"ticks":10}}
--- RESP #1 (port 15715): {"jsonrpc":"2.0","id":1,"error":{"code":4002,"message":"battle already resolved; call game.deploy to start a new one","data":{"end_tick":1800,"final_hash":"0xb82a248ff23515e2","winner":"red"}}}
[CHK-06-frozen-run-4002] PASS
--- REQ #1 (port 15715): {"jsonrpc":"2.0","id":1,"method":"game.screenshot","params":{}}
--- RESP #1 (port 15715): {"jsonrpc":"2.0","id":1,"result":{"id":0,"status":"requested"}}
[CHK-07-shot-requested] PASS
--- REQ #1 (port 15715): {"jsonrpc":"2.0","id":1,"method":"game.screenshot","params":{"id":0}}
--- RESP #1 (port 15715): {"jsonrpc":"2.0","id":1,"result":{"bytes":104239,"path":"screenshot-10660-1791326607154-0.png","status":"captured"}}
[CHK-07b-shot-captured] PASS
shot1: id=0 path=screenshot-10660-1791326607154-0.png bytes=104239
[CHK-07c-shot-file-exists] PASS
[CHK-07d-shot-bytes-nonzero] PASS
[CHK-07e-shot-png-magic] PASS
04443929ecd7e0ecbef0007c1022016f82ab544628551b2360c83dfaac82eaa5 *shot-1-frozen-melee-seed7.png
[CHK-07f-shot-moved-evidence] PASS
[CHK-08-host1-alive] PASS
[CHK-08b-host1-no-panic] PASS
== host2 pid 2930 (spectate autorun, port 15716) ==
[CHK-09-port2-ready] PASS
--- REQ #1 (port 15716): {"jsonrpc":"2.0","id":1,"method":"game.state_hash","params":{}}
--- RESP #1 (port 15716): {"jsonrpc":"2.0","id":1,"result":{"state_hash":"0x3a115d6e16f2703a","tick":5}}
--- REQ #1 (port 15716): {"jsonrpc":"2.0","id":1,"method":"game.state_hash","params":{}}
--- RESP #1 (port 15716): {"jsonrpc":"2.0","id":1,"result":{"state_hash":"0x63ce11c9b07766c4","tick":41}}
--- REQ #1 (port 15716): {"jsonrpc":"2.0","id":1,"method":"game.state_hash","params":{}}
--- RESP #1 (port 15716): {"jsonrpc":"2.0","id":1,"result":{"state_hash":"0x22e909cd19c656e8","tick":77}}
--- REQ #1 (port 15716): {"jsonrpc":"2.0","id":1,"method":"game.state_hash","params":{}}
--- RESP #1 (port 15716): {"jsonrpc":"2.0","id":1,"result":{"state_hash":"0x8ae30e438327ec25","tick":113}}
--- REQ #1 (port 15716): {"jsonrpc":"2.0","id":1,"method":"game.state_hash","params":{}}
--- RESP #1 (port 15716): {"jsonrpc":"2.0","id":1,"result":{"state_hash":"0x679f3f192258070f","tick":149}}
--- REQ #1 (port 15716): {"jsonrpc":"2.0","id":1,"method":"game.state_hash","params":{}}
--- RESP #1 (port 15716): {"jsonrpc":"2.0","id":1,"result":{"state_hash":"0xc91477fc4950dee5","tick":185}}
--- REQ #1 (port 15716): {"jsonrpc":"2.0","id":1,"method":"game.state_hash","params":{}}
--- RESP #1 (port 15716): {"jsonrpc":"2.0","id":1,"result":{"state_hash":"0x3cfc9ffb473c2cb9","tick":221}}
--- REQ #1 (port 15716): {"jsonrpc":"2.0","id":1,"method":"game.state_hash","params":{}}
--- RESP #1 (port 15716): {"jsonrpc":"2.0","id":1,"result":{"state_hash":"0xf367424900b42ac4","tick":257}}
--- REQ #1 (port 15716): {"jsonrpc":"2.0","id":1,"method":"game.state_hash","params":{}}
--- RESP #1 (port 15716): {"jsonrpc":"2.0","id":1,"result":{"state_hash":"0x94c03cd026963676","tick":293}}
--- REQ #1 (port 15716): {"jsonrpc":"2.0","id":1,"method":"game.state_hash","params":{}}
--- RESP #1 (port 15716): {"jsonrpc":"2.0","id":1,"result":{"state_hash":"0x00be48b79190a72c","tick":329}}
--- REQ #1 (port 15716): {"jsonrpc":"2.0","id":1,"method":"game.state_hash","params":{}}
--- RESP #1 (port 15716): {"jsonrpc":"2.0","id":1,"result":{"state_hash":"0xbae77bc75a7cf22b","tick":365}}
--- REQ #1 (port 15716): {"jsonrpc":"2.0","id":1,"method":"game.state_hash","params":{}}
--- RESP #1 (port 15716): {"jsonrpc":"2.0","id":1,"result":{"state_hash":"0xc02d103fec295897","tick":401}}
--- REQ #1 (port 15716): {"jsonrpc":"2.0","id":1,"method":"game.state_hash","params":{}}
--- RESP #1 (port 15716): {"jsonrpc":"2.0","id":1,"result":{"state_hash":"0xee25a327375303c6","tick":437}}
--- REQ #1 (port 15716): {"jsonrpc":"2.0","id":1,"method":"game.state_hash","params":{}}
--- RESP #1 (port 15716): {"jsonrpc":"2.0","id":1,"result":{"state_hash":"0xf0e94ca2ac3cd732","tick":473}}
--- REQ #1 (port 15716): {"jsonrpc":"2.0","id":1,"method":"game.state_hash","params":{}}
--- RESP #1 (port 15716): {"jsonrpc":"2.0","id":1,"result":{"state_hash":"0x40ba67519b044b7b","tick":509}}
--- REQ #1 (port 15716): {"jsonrpc":"2.0","id":1,"method":"game.state_hash","params":{}}
--- RESP #1 (port 15716): {"jsonrpc":"2.0","id":1,"result":{"state_hash":"0x746b6fb8046facd5","tick":545}}
--- REQ #1 (port 15716): {"jsonrpc":"2.0","id":1,"method":"game.state_hash","params":{}}
--- RESP #1 (port 15716): {"jsonrpc":"2.0","id":1,"result":{"state_hash":"0x01b79141efb8af78","tick":581}}
--- REQ #1 (port 15716): {"jsonrpc":"2.0","id":1,"method":"game.state_hash","params":{}}
--- RESP #1 (port 15716): {"jsonrpc":"2.0","id":1,"result":{"state_hash":"0xbb062fdc7cb18fa3","tick":617}}
--- REQ #1 (port 15716): {"jsonrpc":"2.0","id":1,"method":"game.state_hash","params":{}}
--- RESP #1 (port 15716): {"jsonrpc":"2.0","id":1,"result":{"state_hash":"0x6cfa6d4737158e36","tick":653}}
--- REQ #1 (port 15716): {"jsonrpc":"2.0","id":1,"method":"game.state_hash","params":{}}
--- RESP #1 (port 15716): {"jsonrpc":"2.0","id":1,"result":{"state_hash":"0x13bf2af32b6956a8","tick":689}}
--- REQ #1 (port 15716): {"jsonrpc":"2.0","id":1,"method":"game.state_hash","params":{}}
--- RESP #1 (port 15716): {"jsonrpc":"2.0","id":1,"result":{"state_hash":"0xd91d5db6d48c942e","tick":725}}
--- REQ #1 (port 15716): {"jsonrpc":"2.0","id":1,"method":"game.state_hash","params":{}}
--- RESP #1 (port 15716): {"jsonrpc":"2.0","id":1,"result":{"state_hash":"0x0f54b6cf0b2dff3c","tick":761}}
--- REQ #1 (port 15716): {"jsonrpc":"2.0","id":1,"method":"game.state_hash","params":{}}
--- RESP #1 (port 15716): {"jsonrpc":"2.0","id":1,"result":{"state_hash":"0xec760a716619ac04","tick":797}}
--- REQ #1 (port 15716): {"jsonrpc":"2.0","id":1,"method":"game.state_hash","params":{}}
--- RESP #1 (port 15716): {"jsonrpc":"2.0","id":1,"result":{"state_hash":"0xa43d962b777c40b9","tick":833}}
--- REQ #1 (port 15716): {"jsonrpc":"2.0","id":1,"method":"game.state_hash","params":{}}
--- RESP #1 (port 15716): {"jsonrpc":"2.0","id":1,"result":{"state_hash":"0x33c761b92adc94cd","tick":869}}
--- REQ #1 (port 15716): {"jsonrpc":"2.0","id":1,"method":"game.state_hash","params":{}}
--- RESP #1 (port 15716): {"jsonrpc":"2.0","id":1,"result":{"state_hash":"0x2abab8db78737d11","tick":904}}
--- REQ #1 (port 15716): {"jsonrpc":"2.0","id":1,"method":"game.state_hash","params":{}}
--- RESP #1 (port 15716): {"jsonrpc":"2.0","id":1,"result":{"state_hash":"0x7ccf30928b5cfeb6","tick":940}}
--- REQ #1 (port 15716): {"jsonrpc":"2.0","id":1,"method":"game.state_hash","params":{}}
--- RESP #1 (port 15716): {"jsonrpc":"2.0","id":1,"result":{"state_hash":"0x76b3d7e7438c7df7","tick":976}}
--- REQ #1 (port 15716): {"jsonrpc":"2.0","id":1,"method":"game.state_hash","params":{}}
--- RESP #1 (port 15716): {"jsonrpc":"2.0","id":1,"result":{"state_hash":"0xc12486b61fbe6f32","tick":1013}}
--- REQ #1 (port 15716): {"jsonrpc":"2.0","id":1,"method":"game.state_hash","params":{}}
--- RESP #1 (port 15716): {"jsonrpc":"2.0","id":1,"result":{"state_hash":"0x2ca8378ad70b10e6","tick":1048}}
--- REQ #1 (port 15716): {"jsonrpc":"2.0","id":1,"method":"game.state_hash","params":{}}
--- RESP #1 (port 15716): {"jsonrpc":"2.0","id":1,"result":{"state_hash":"0xaaf96fd49e9efba8","tick":1084}}
--- REQ #1 (port 15716): {"jsonrpc":"2.0","id":1,"method":"game.state_hash","params":{}}
--- RESP #1 (port 15716): {"jsonrpc":"2.0","id":1,"result":{"state_hash":"0xea0695eb835d8d95","tick":1120}}
--- REQ #1 (port 15716): {"jsonrpc":"2.0","id":1,"method":"game.state_hash","params":{}}
--- RESP #1 (port 15716): {"jsonrpc":"2.0","id":1,"result":{"state_hash":"0x7190f65a78d21f3f","tick":1156}}
--- REQ #1 (port 15716): {"jsonrpc":"2.0","id":1,"method":"game.state_hash","params":{}}
--- RESP #1 (port 15716): {"jsonrpc":"2.0","id":1,"result":{"state_hash":"0x522344dcea118467","tick":1192}}
--- REQ #1 (port 15716): {"jsonrpc":"2.0","id":1,"method":"game.state_hash","params":{}}
--- RESP #1 (port 15716): {"jsonrpc":"2.0","id":1,"result":{"state_hash":"0x5aab671c73b89b8f","tick":1229}}
--- REQ #1 (port 15716): {"jsonrpc":"2.0","id":1,"method":"game.state_hash","params":{}}
--- RESP #1 (port 15716): {"jsonrpc":"2.0","id":1,"result":{"state_hash":"0x95b93801189547eb","tick":1264}}
--- REQ #1 (port 15716): {"jsonrpc":"2.0","id":1,"method":"game.state_hash","params":{}}
--- RESP #1 (port 15716): {"jsonrpc":"2.0","id":1,"result":{"state_hash":"0x452c9f50d7938f03","tick":1300}}
--- REQ #1 (port 15716): {"jsonrpc":"2.0","id":1,"method":"game.state_hash","params":{}}
--- RESP #1 (port 15716): {"jsonrpc":"2.0","id":1,"result":{"state_hash":"0xaf83d5b352e4b74c","tick":1335}}
--- REQ #1 (port 15716): {"jsonrpc":"2.0","id":1,"method":"game.state_hash","params":{}}
--- RESP #1 (port 15716): {"jsonrpc":"2.0","id":1,"result":{"state_hash":"0x3ca3f98fdaf716d5","tick":1372}}
--- REQ #1 (port 15716): {"jsonrpc":"2.0","id":1,"method":"game.state_hash","params":{}}
--- RESP #1 (port 15716): {"jsonrpc":"2.0","id":1,"result":{"state_hash":"0x565c45602dfe5254","tick":1408}}
--- REQ #1 (port 15716): {"jsonrpc":"2.0","id":1,"method":"game.state_hash","params":{}}
--- RESP #1 (port 15716): {"jsonrpc":"2.0","id":1,"result":{"state_hash":"0x509919577aa59357","tick":1444}}
--- REQ #1 (port 15716): {"jsonrpc":"2.0","id":1,"method":"game.state_hash","params":{}}
--- RESP #1 (port 15716): {"jsonrpc":"2.0","id":1,"result":{"state_hash":"0x2bcec2b25b4668b5","tick":1480}}
--- REQ #1 (port 15716): {"jsonrpc":"2.0","id":1,"method":"game.state_hash","params":{}}
--- RESP #1 (port 15716): {"jsonrpc":"2.0","id":1,"result":{"state_hash":"0x3784d6f5562a527a","tick":1516}}
--- REQ #1 (port 15716): {"jsonrpc":"2.0","id":1,"method":"game.state_hash","params":{}}
--- RESP #1 (port 15716): {"jsonrpc":"2.0","id":1,"result":{"state_hash":"0x62346e0799ed2846","tick":1552}}
--- REQ #1 (port 15716): {"jsonrpc":"2.0","id":1,"method":"game.state_hash","params":{}}
--- RESP #1 (port 15716): {"jsonrpc":"2.0","id":1,"result":{"state_hash":"0x59bfd9677387ff05","tick":1588}}
--- REQ #1 (port 15716): {"jsonrpc":"2.0","id":1,"method":"game.state_hash","params":{}}
--- RESP #1 (port 15716): {"jsonrpc":"2.0","id":1,"result":{"state_hash":"0x6797742de4545685","tick":1624}}
--- REQ #1 (port 15716): {"jsonrpc":"2.0","id":1,"method":"game.state_hash","params":{}}
--- RESP #1 (port 15716): {"jsonrpc":"2.0","id":1,"result":{"state_hash":"0x4ef4c5da091e6319","tick":1660}}
--- REQ #1 (port 15716): {"jsonrpc":"2.0","id":1,"method":"game.state_hash","params":{}}
--- RESP #1 (port 15716): {"jsonrpc":"2.0","id":1,"result":{"state_hash":"0x41533cd0e7152b55","tick":1696}}
--- REQ #1 (port 15716): {"jsonrpc":"2.0","id":1,"method":"game.state_hash","params":{}}
--- RESP #1 (port 15716): {"jsonrpc":"2.0","id":1,"result":{"state_hash":"0xadb2b68cae1ec527","tick":1732}}
--- REQ #1 (port 15716): {"jsonrpc":"2.0","id":1,"method":"game.state_hash","params":{}}
--- RESP #1 (port 15716): {"jsonrpc":"2.0","id":1,"result":{"state_hash":"0x5e7d991feb75a9bb","tick":1768}}
--- REQ #1 (port 15716): {"jsonrpc":"2.0","id":1,"method":"game.state_hash","params":{}}
--- RESP #1 (port 15716): {"jsonrpc":"2.0","id":1,"result":{"state_hash":"0x26c77d5372dc7ad0","tick":1800}}
[CHK-10-autoran2-frozen] PASS
--- REQ #1 (port 15716): {"jsonrpc":"2.0","id":1,"method":"game.outcome","params":{}}
--- RESP #1 (port 15716): {"jsonrpc":"2.0","id":1,"result":{"alive_blue":2,"alive_red":2,"end_tick":1800,"final_hash":"0x26c77d5372dc7ad0","winner":"red"}}
spectate seed43 swordsman:10 lane50: "winner":"red" "end_tick":1800 "final_hash":"0x26c77d5372dc7ad0"
[CHK-10b-hash2-captured] PASS
[CHK-10c-host2-alive] PASS
[CHK-10d-host2-no-panic] PASS
== host3 pid 3358 (headless, port 15717) ==
[CHK-11-port3-ready] PASS
[CHK-11b-banner-headless] PASS
--- REQ #1 (port 15717): {"jsonrpc":"2.0","id":1,"method":"game.outcome","params":{}}
--- RESP #1 (port 15717): {"jsonrpc":"2.0","id":1,"result":{"alive_blue":2,"alive_red":2,"end_tick":1800,"final_hash":"0x26c77d5372dc7ad0","winner":"red"}}
headless seed43 swordsman:10 lane50: "final_hash":"0x26c77d5372dc7ad0"
[CHK-12-spectate-headless-bitexact] PASS
[CHK-12b-host3-alive] PASS
[CHK-12c-host3-no-panic] PASS
== host4 pid 3371 (spectate pure service, port 15715) ==
[CHK-13-port-ready-again] PASS
--- REQ #1 (port 15715): {"jsonrpc":"2.0","id":1,"method":"game.deploy","params":{"seed":43,"red":[{"kind":"swordsman","count":10}],"blue":[{"kind":"swordsman","count":10}],"lane_len_m":50}}
--- RESP #1 (port 15715): {"jsonrpc":"2.0","id":1,"result":{"alive_blue":10,"alive_red":10,"deploy_hash":"0x7d01e8ec14f0a12d","tick":0,"units":20}}
[CHK-14-brp-deploy-tick0] PASS
[CHK-14b-brp-deploy-units20] PASS
--- REQ #1 (port 15715): {"jsonrpc":"2.0","id":1,"method":"game.run_to_tick","params":{"ticks":300}}
--- RESP #1 (port 15715): {"jsonrpc":"2.0","id":1,"result":{"queued":300,"state_hash":"0x7d01e8ec14f0a12d","tick":0}}
[CHK-15-queued-300-immediate] PASS
[CHK-15b-queued-tick0] PASS
--- REQ #1 (port 15715): {"jsonrpc":"2.0","id":1,"method":"game.state_hash","params":{}}
--- RESP #1 (port 15715): {"jsonrpc":"2.0","id":1,"result":{"state_hash":"0x3a115d6e16f2703a","tick":5}}
--- REQ #1 (port 15715): {"jsonrpc":"2.0","id":1,"method":"game.state_hash","params":{}}
--- RESP #1 (port 15715): {"jsonrpc":"2.0","id":1,"result":{"state_hash":"0x63ce11c9b07766c4","tick":41}}
--- REQ #1 (port 15715): {"jsonrpc":"2.0","id":1,"method":"game.state_hash","params":{}}
--- RESP #1 (port 15715): {"jsonrpc":"2.0","id":1,"result":{"state_hash":"0x22e909cd19c656e8","tick":77}}
--- REQ #1 (port 15715): {"jsonrpc":"2.0","id":1,"method":"game.state_hash","params":{}}
--- RESP #1 (port 15715): {"jsonrpc":"2.0","id":1,"result":{"state_hash":"0xe202f5f39610b604","tick":112}}
--- REQ #1 (port 15715): {"jsonrpc":"2.0","id":1,"method":"game.state_hash","params":{}}
--- RESP #1 (port 15715): {"jsonrpc":"2.0","id":1,"result":{"state_hash":"0x07a3c99823a37713","tick":148}}
--- REQ #1 (port 15715): {"jsonrpc":"2.0","id":1,"method":"game.state_hash","params":{}}
--- RESP #1 (port 15715): {"jsonrpc":"2.0","id":1,"result":{"state_hash":"0xd7214748363ceba8","tick":184}}
--- REQ #1 (port 15715): {"jsonrpc":"2.0","id":1,"method":"game.state_hash","params":{}}
--- RESP #1 (port 15715): {"jsonrpc":"2.0","id":1,"result":{"state_hash":"0x24ff7bb5a85ba0a2","tick":220}}
--- REQ #1 (port 15715): {"jsonrpc":"2.0","id":1,"method":"game.state_hash","params":{}}
--- RESP #1 (port 15715): {"jsonrpc":"2.0","id":1,"result":{"state_hash":"0xa4b2eb07dad31043","tick":256}}
--- REQ #1 (port 15715): {"jsonrpc":"2.0","id":1,"method":"game.state_hash","params":{}}
--- RESP #1 (port 15715): {"jsonrpc":"2.0","id":1,"result":{"state_hash":"0xae490a261f56e25e","tick":292}}
--- REQ #1 (port 15715): {"jsonrpc":"2.0","id":1,"method":"game.state_hash","params":{}}
--- RESP #1 (port 15715): {"jsonrpc":"2.0","id":1,"result":{"state_hash":"0xcdf3fef834f172ce","tick":300}}
spectate manual-drive: tick=300 hash="state_hash":"0xcdf3fef834f172ce"
[CHK-16-manual-advanced] PASS
== host5 pid 3469 (headless pure service, port 15717) ==
[CHK-17-port3-ready-again] PASS
--- REQ #1 (port 15717): {"jsonrpc":"2.0","id":1,"method":"game.deploy","params":{"seed":43,"red":[{"kind":"swordsman","count":10}],"blue":[{"kind":"swordsman","count":10}],"lane_len_m":50}}
--- RESP #1 (port 15717): {"jsonrpc":"2.0","id":1,"result":{"alive_blue":10,"alive_red":10,"deploy_hash":"0x7d01e8ec14f0a12d","tick":0,"units":20}}
[CHK-17b-headless-deploy] PASS
--- REQ #1 (port 15717): {"jsonrpc":"2.0","id":1,"method":"game.run_to_tick","params":{"ticks":300}}
--- RESP #1 (port 15717): {"jsonrpc":"2.0","id":1,"result":{"state_hash":"0xcdf3fef834f172ce","tick":300}}
headless 300t: tick=300 hash="state_hash":"0xcdf3fef834f172ce"
[CHK-18-manual-crossmode-bitexact] PASS
--- REQ #1 (port 15715): {"jsonrpc":"2.0","id":1,"method":"game.deploy","params":{"preset":"default","seed":42}}
--- RESP #1 (port 15715): {"jsonrpc":"2.0","id":1,"result":{"alive_blue":30,"alive_red":30,"deploy_hash":"0xe2706f0b91a2be8e","tick":0,"units":60}}
[CHK-19-redeploy-default-units60] PASS
--- REQ #1 (port 15715): {"jsonrpc":"2.0","id":1,"method":"game.screenshot","params":{}}
--- RESP #1 (port 15715): {"jsonrpc":"2.0","id":1,"result":{"id":0,"status":"requested"}}
[CHK-20-shot2-requested] PASS
--- REQ #1 (port 15715): {"jsonrpc":"2.0","id":1,"method":"game.screenshot","params":{"id":0}}
--- RESP #1 (port 15715): {"jsonrpc":"2.0","id":1,"result":{"bytes":65627,"path":"screenshot-23064-1791326735007-0.png","status":"captured"}}
[CHK-20b-shot2-captured] PASS
shot2: id=0 path=screenshot-23064-1791326735007-0.png bytes=65627
[CHK-20c-shot2-file-exists] PASS
[CHK-20d-shot2-bytes-nonzero] PASS
[CHK-20e-shot2-png-magic] PASS
4743fb272be28e6ef35a3d874adbf0f28adf61be64ebe7ba43171a74dbdb55c5 *shot-2-sixkinds-deployed.png
[CHK-20f-shot2-moved-evidence] PASS
[CHK-21-host4-alive] PASS
[CHK-21b-host5-alive] PASS
[CHK-21c-host4-no-panic] PASS
[CHK-21d-host5-no-panic] PASS
[CHK-22-port-15715-reaped] PASS
[CHK-22-port-15716-reaped] PASS
[CHK-22-port-15717-reaped] PASS
== host6 pid 3537 (spectate closeup, port 15716) ==
[CHK-23-port2-ready-closeup] PASS
--- REQ #1 (port 15716): {"jsonrpc":"2.0","id":1,"method":"game.deploy","params":{"seed":42,"red":[{"kind":"shieldman","count":1},{"kind":"heavyknight","count":1},{"kind":"pikeman","count":1},{"kind":"swordsman","count":1},{"kind":"archer","count":1},{"kind":"militia","count":1}],"blue":[{"kind":"shieldman","count":1},{"kind":"heavyknight","count":1},{"kind":"pikeman","count":1},{"kind":"swordsman","count":1},{"kind":"archer","count":1},{"kind":"militia","count":1}],"lane_len_m":60}}
--- RESP #1 (port 15716): {"jsonrpc":"2.0","id":1,"result":{"alive_blue":6,"alive_red":6,"deploy_hash":"0x0b55ca17dc7888d6","tick":0,"units":12}}
[CHK-24-closeup-deploy-tick0] PASS
[CHK-24b-closeup-deploy-units12] PASS
--- REQ #1 (port 15716): {"jsonrpc":"2.0","id":1,"method":"game.screenshot","params":{}}
--- RESP #1 (port 15716): {"jsonrpc":"2.0","id":1,"result":{"id":0,"status":"requested"}}
[CHK-25-closeup-shot-requested] PASS
--- REQ #1 (port 15716): {"jsonrpc":"2.0","id":1,"method":"game.screenshot","params":{"id":0}}
--- RESP #1 (port 15716): {"jsonrpc":"2.0","id":1,"result":{"bytes":70171,"path":"screenshot-20068-1791326754051-0.png","status":"captured"}}
[CHK-25b-closeup-shot-captured] PASS
shot3: id=0 path=screenshot-20068-1791326754051-0.png bytes=70171
[CHK-25c-closeup-shot-file-exists] PASS
[CHK-25d-closeup-shot-bytes-nonzero] PASS
[CHK-25e-closeup-shot-png-magic] PASS
shot3 dims: 2400x1350（逻辑 1920x1080；125% DPI 物理捕获 2400x1350，README §4 注）
[CHK-25f-closeup-shot-dims-1080p-16v9] PASS
[CHK-25g-closeup-shot-min30k] PASS
4a447ad187e5418345e92d1befd827f71c1cfdc5eba166d51c2c4f7d503fc4d5 *shot-3-sixkinds-closeup-lane60.png
[CHK-25h-closeup-shot-moved-evidence] PASS
--- REQ #1 (port 15716): {"jsonrpc":"2.0","id":1,"method":"game.screenshot","params":{}}
--- RESP #1 (port 15716): {"jsonrpc":"2.0","id":1,"result":{"id":1,"status":"requested"}}
[CHK-26-shot2nd-requested] PASS
--- REQ #1 (port 15716): {"jsonrpc":"2.0","id":1,"method":"game.screenshot","params":{"id":1}}
--- RESP #1 (port 15716): {"jsonrpc":"2.0","id":1,"result":{"bytes":70171,"path":"screenshot-20068-1791326754051-1.png","status":"captured"}}
[CHK-26b-shot2nd-captured] PASS
shot3b: id=1 path=screenshot-20068-1791326754051-1.png（唯一性断言用，用完即弃不进证据集）
shot naming: A(nonce=20068-1791326754051 id=0) B(nonce=20068-1791326754051 id=1)
[CHK-26c-shot-pidnonce-same-process] PASS
[CHK-26c2-shot-pid-live-nonzero] PASS
[CHK-26d-shot-id-increment] PASS
[CHK-26e-shot-paths-distinct] PASS
4a447ad187e5418345e92d1befd827f71c1cfdc5eba166d51c2c4f7d503fc4d5 *screenshot-20068-1791326754051-1.png
[CHK-26f-shot2nd-cleaned] PASS
[CHK-26g-host6-alive] PASS
[CHK-26h-host6-no-panic] PASS
== host7 pid 3639 (spectate inject, port 15715, cwd /c/Users/Administrator/Desktop/ccc/wanzhen/docs/evidence/t019/p1-inject-tmp) ==
[CHK-27-port1-ready-inject] PASS
--- REQ #1 (port 15715): {"jsonrpc":"2.0","id":1,"method":"game.deploy","params":{"seed":42,"red":[{"kind":"swordsman","count":1}],"blue":[{"kind":"swordsman","count":1}],"lane_len_m":60}}
--- RESP #1 (port 15715): {"jsonrpc":"2.0","id":1,"result":{"alive_blue":1,"alive_red":1,"deploy_hash":"0x9362e09533e6b978","tick":0,"units":2}}
[CHK-27b-inject-deploy] PASS
--- REQ #1 (port 15715): {"jsonrpc":"2.0","id":1,"method":"game.screenshot","params":{}}
--- RESP #1 (port 15715): {"jsonrpc":"2.0","id":1,"result":{"id":0,"status":"requested"}}
--- REQ #1 (port 15715): {"jsonrpc":"2.0","id":1,"method":"game.screenshot","params":{"id":0}}
--- RESP #1 (port 15715): {"jsonrpc":"2.0","id":1,"result":{"bytes":62177,"path":"screenshot-19780-1791326760437-0.png","status":"captured"}}
[CHK-28-inject-shot0-captured] PASS
inject baseline: path=screenshot-19780-1791326760437-0.png
[CHK-28b-inject-plant-valid-png] PASS
2ba7c2b18bd10e3a3e897685bdaa7d1616124cc0505f5ab2f8991a8a9e539f26 */c/Users/Administrator/Desktop/ccc/wanzhen/docs/evidence/t019/p1-inject-tmp/screenshot-19780-1791326760437-1.png
--- REQ #1 (port 15715): {"jsonrpc":"2.0","id":1,"method":"game.screenshot","params":{}}
--- RESP #1 (port 15715): {"jsonrpc":"2.0","id":1,"result":{"id":1,"status":"requested"}}
--- REQ #1 (port 15715): {"jsonrpc":"2.0","id":1,"method":"game.screenshot","params":{"id":1}}
--- RESP #1 (port 15715): {"jsonrpc":"2.0","id":1,"result":{"detail":"screenshot #1 capture event arrived but output file check failed: file open failed: 另一个程序正在使用此文件，进程无法访问。 (os error 32); not reporting captured (P1)","status":"pending"}}
  inject poll #1: {"jsonrpc":"2.0","id":1,"result":{"detail":"screenshot #1 capture event arrived but output file check failed: file open failed: 另一个程序正在使用此文件，进程无法访问。 (os error 32); not reporting captured (P1)","status":"pending"}}
--- REQ #1 (port 15715): {"jsonrpc":"2.0","id":1,"method":"game.screenshot","params":{"id":1}}
--- RESP #1 (port 15715): {"jsonrpc":"2.0","id":1,"result":{"detail":"screenshot #1 capture event arrived but output file check failed: file open failed: 另一个程序正在使用此文件，进程无法访问。 (os error 32); not reporting captured (P1)","status":"pending"}}
  inject poll #2: {"jsonrpc":"2.0","id":1,"result":{"detail":"screenshot #1 capture event arrived but output file check failed: file open failed: 另一个程序正在使用此文件，进程无法访问。 (os error 32); not reporting captured (P1)","status":"pending"}}
--- REQ #1 (port 15715): {"jsonrpc":"2.0","id":1,"method":"game.screenshot","params":{"id":1}}
--- RESP #1 (port 15715): {"jsonrpc":"2.0","id":1,"result":{"detail":"screenshot #1 capture event arrived but output file check failed: file open failed: 另一个程序正在使用此文件，进程无法访问。 (os error 32); not reporting captured (P1)","status":"pending"}}
  inject poll #3: {"jsonrpc":"2.0","id":1,"result":{"detail":"screenshot #1 capture event arrived but output file check failed: file open failed: 另一个程序正在使用此文件，进程无法访问。 (os error 32); not reporting captured (P1)","status":"pending"}}
--- REQ #1 (port 15715): {"jsonrpc":"2.0","id":1,"method":"game.screenshot","params":{"id":1}}
--- RESP #1 (port 15715): {"jsonrpc":"2.0","id":1,"result":{"detail":"screenshot #1 capture event arrived but output file check failed: file open failed: 另一个程序正在使用此文件，进程无法访问。 (os error 32); not reporting captured (P1)","status":"pending"}}
  inject poll #4: {"jsonrpc":"2.0","id":1,"result":{"detail":"screenshot #1 capture event arrived but output file check failed: file open failed: 另一个程序正在使用此文件，进程无法访问。 (os error 32); not reporting captured (P1)","status":"pending"}}
--- REQ #1 (port 15715): {"jsonrpc":"2.0","id":1,"method":"game.screenshot","params":{"id":1}}
--- RESP #1 (port 15715): {"jsonrpc":"2.0","id":1,"result":{"detail":"screenshot #1 capture event arrived but output file check failed: file open failed: 另一个程序正在使用此文件，进程无法访问。 (os error 32); not reporting captured (P1)","status":"pending"}}
  inject poll #5: {"jsonrpc":"2.0","id":1,"result":{"detail":"screenshot #1 capture event arrived but output file check failed: file open failed: 另一个程序正在使用此文件，进程无法访问。 (os error 32); not reporting captured (P1)","status":"pending"}}
--- REQ #1 (port 15715): {"jsonrpc":"2.0","id":1,"method":"game.screenshot","params":{"id":1}}
--- RESP #1 (port 15715): {"jsonrpc":"2.0","id":1,"result":{"detail":"screenshot #1 capture event arrived but output file check failed: file open failed: 另一个程序正在使用此文件，进程无法访问。 (os error 32); not reporting captured (P1)","status":"pending"}}
  inject poll #6: {"jsonrpc":"2.0","id":1,"result":{"detail":"screenshot #1 capture event arrived but output file check failed: file open failed: 另一个程序正在使用此文件，进程无法访问。 (os error 32); not reporting captured (P1)","status":"pending"}}
--- REQ #1 (port 15715): {"jsonrpc":"2.0","id":1,"method":"game.screenshot","params":{"id":1}}
--- RESP #1 (port 15715): {"jsonrpc":"2.0","id":1,"result":{"detail":"screenshot #1 capture event arrived but output file check failed: file open failed: 另一个程序正在使用此文件，进程无法访问。 (os error 32); not reporting captured (P1)","status":"pending"}}
  inject poll #7: {"jsonrpc":"2.0","id":1,"result":{"detail":"screenshot #1 capture event arrived but output file check failed: file open failed: 另一个程序正在使用此文件，进程无法访问。 (os error 32); not reporting captured (P1)","status":"pending"}}
--- REQ #1 (port 15715): {"jsonrpc":"2.0","id":1,"method":"game.screenshot","params":{"id":1}}
--- RESP #1 (port 15715): {"jsonrpc":"2.0","id":1,"result":{"detail":"screenshot #1 capture event arrived but output file check failed: file open failed: 另一个程序正在使用此文件，进程无法访问。 (os error 32); not reporting captured (P1)","status":"pending"}}
  inject poll #8: {"jsonrpc":"2.0","id":1,"result":{"detail":"screenshot #1 capture event arrived but output file check failed: file open failed: 另一个程序正在使用此文件，进程无法访问。 (os error 32); not reporting captured (P1)","status":"pending"}}
--- REQ #1 (port 15715): {"jsonrpc":"2.0","id":1,"method":"game.screenshot","params":{"id":1}}
--- RESP #1 (port 15715): {"jsonrpc":"2.0","id":1,"result":{"detail":"screenshot #1 capture event arrived but output file check failed: file open failed: 另一个程序正在使用此文件，进程无法访问。 (os error 32); not reporting captured (P1)","status":"pending"}}
  inject poll #9: {"jsonrpc":"2.0","id":1,"result":{"detail":"screenshot #1 capture event arrived but output file check failed: file open failed: 另一个程序正在使用此文件，进程无法访问。 (os error 32); not reporting captured (P1)","status":"pending"}}
--- REQ #1 (port 15715): {"jsonrpc":"2.0","id":1,"method":"game.screenshot","params":{"id":1}}
--- RESP #1 (port 15715): {"jsonrpc":"2.0","id":1,"result":{"detail":"screenshot #1 capture event arrived but output file check failed: file open failed: 另一个程序正在使用此文件，进程无法访问。 (os error 32); not reporting captured (P1)","status":"pending"}}
  inject poll #10: {"jsonrpc":"2.0","id":1,"result":{"detail":"screenshot #1 capture event arrived but output file check failed: file open failed: 另一个程序正在使用此文件，进程无法访问。 (os error 32); not reporting captured (P1)","status":"pending"}}
--- REQ #1 (port 15715): {"jsonrpc":"2.0","id":1,"method":"game.screenshot","params":{"id":1}}
--- RESP #1 (port 15715): {"jsonrpc":"2.0","id":1,"result":{"detail":"screenshot #1 capture event arrived but output file check failed: file open failed: 另一个程序正在使用此文件，进程无法访问。 (os error 32); not reporting captured (P1)","status":"pending"}}
  inject poll #11: {"jsonrpc":"2.0","id":1,"result":{"detail":"screenshot #1 capture event arrived but output file check failed: file open failed: 另一个程序正在使用此文件，进程无法访问。 (os error 32); not reporting captured (P1)","status":"pending"}}
--- REQ #1 (port 15715): {"jsonrpc":"2.0","id":1,"method":"game.screenshot","params":{"id":1}}
--- RESP #1 (port 15715): {"jsonrpc":"2.0","id":1,"result":{"detail":"screenshot #1 capture event arrived but output file check failed: file open failed: 另一个程序正在使用此文件，进程无法访问。 (os error 32); not reporting captured (P1)","status":"pending"}}
  inject poll #12: {"jsonrpc":"2.0","id":1,"result":{"detail":"screenshot #1 capture event arrived but output file check failed: file open failed: 另一个程序正在使用此文件，进程无法访问。 (os error 32); not reporting captured (P1)","status":"pending"}}
[CHK-29-inject-shot1-never-captured] PASS
[CHK-29b-inject-shot1-pending-final] PASS
[CHK-29c-inject-shot1-detail-present] PASS
[CHK-29e-inject-save-failure-witness] PASS
[CHK-29f-inject-holder-reaped] PASS
--- REQ #1 (port 15715): {"jsonrpc":"2.0","id":1,"method":"game.screenshot","params":{"id":1}}
--- RESP #1 (port 15715): {"jsonrpc":"2.0","id":1,"result":{"detail":"screenshot #1 capture event arrived but output file check failed: file mtime SystemTime { intervals: 134358003612823112 } predates request acceptance SystemTime { intervals: 134358003629982466 } (stale leftover suspected); not reporting captured (P1)","status":"pending"}}
  inject post-release poll: {"jsonrpc":"2.0","id":1,"result":{"detail":"screenshot #1 capture event arrived but output file check failed: file mtime SystemTime { intervals: 134358003612823112 } predates request acceptance SystemTime { intervals: 134358003629982466 } (stale leftover suspected); not reporting captured (P1)","status":"pending"}}
[CHK-29d-inject-shot1-stale-flagged] PASS
[CHK-30-host7-alive] PASS
[CHK-30b-host7-no-panic] PASS
[CHK-30c-inject-tmpdir-cleaned] PASS
[CHK-30d-port-15716-reaped-closeup-inject] PASS
[CHK-30d-port-15715-reaped-closeup-inject] PASS
== SUMMARY: PASS=89 FAIL=0 ==
== SCRIPT_EXIT=0 ==
