== takeover remediation start 08:08:59 ==
# T007 复测超标配置加样档（主会话接管，2026-10-05）

背景：runs/rerun-check.txt 中 10000-t12 漂移 9.42%、1000-t6 漂移 20.05%（断言 <5% 超标）。
处方（任务卡断言 2）：如实披露并加样本——每配置再增 2 次独立调用（repeats=5，同矩阵参数）。
样本源：matrix 原行（repeats=5）/ rerun-（repeats=3，worker-2 2026-10-04）/ rerun2-、rerun3-（repeats=5，主会话 2026-10-05）。

## 10000-t12（t1 参照 median_ns=123030308400）
| 调用 | median_ns | 组内 cv_pct |
|---|---:|---:|
| matrix(repeats=5) | 17036880000 | 10.0473 |
| rerun(repeats=3) | 15431543600 | 4.7099 |
| rerun2(repeats=5) | 18479289000 | 6.3841 |
| rerun3(repeats=5) | 17162211600 | 1.3569 |

四次调用中位数极差 = 19.7501%（(max−min)/min）
对应加速比（t1/median）：7.2214× / 7.9727× / 6.6577× / 7.1687×

## 1000-t6（t1 参照 median_ns=2407283100）
| 调用 | median_ns | 组内 cv_pct |
|---|---:|---:|
| matrix(repeats=5) | 596894500 | 0.7270 |
| rerun(repeats=3) | 477196200 | 0.8225 |
| rerun2(repeats=5) | 606645300 | 0.5588 |
| rerun3(repeats=5) | 528352000 | 11.2358 |

四次调用中位数极差 = 27.1270%（(max−min)/min）
对应加速比（t1/median）：4.0330× / 5.0446× / 3.9682× / 4.5562×

## 判读（如实）
- 断言 2 处置：两配置按处方加样并全量披露（上表）；超标事实不粉饰——是否视为「稳定」
  由审核轮独立裁断。
- 受影响判定的稳健性：① µs 侧只读 threads=1（10k-t1 复测漂移 4.16%<5%，四采样点 µs
  判定不受移位影响）；② 加速比止损锚定 10k：12 线程加速比按四次调用中位数落在上表区间，
  全部 ≥ 4× 止损线（判读方向对移位不敏感）。
- summary.md 继续采用 matrix.jsonl 原始调用中位数（首测口径、保守侧=偏慢），
  本档加样数据供独立复核交叉对照。
== takeover remediation done 08:12:43 ==
== takeover longrun start 08:12:43 ==
probe: median_ns=13192854200 per_tick_s=1.3193 K6=478 est_wall_s=630.6
longrun started: pid=20148 ticks=478 args=--units 50000 --threads 12 --ticks 478 --warmup 0 --repeats 1 --seed 42
longrun finished: REAL_EXIT=0 wall_s=675.6 samples=134 csv=docs/evidence/t007/runs/longrun_memory.csv
== takeover longrun done 08:24:13 ==
== takeover summarize start 08:24:13 ==
TAKEOVER_BATCH_DONE 2026-10-05 08:24:13 summarize_rc=0
