   Compiling proc-macro2 v1.0.107
   Compiling unicode-ident v1.0.26
   Compiling quote v1.0.47
   Compiling serde_core v1.0.229
   Compiling syn v3.0.6
   Compiling syn v2.0.119
   Compiling windows-link v0.2.1
   Compiling bytemuck_derive v1.12.1
   Compiling bytemuck v1.25.2
   Compiling serde v1.0.229
   Compiling serde_derive v1.0.229
   Compiling cfg-if v1.0.5
   Compiling autocfg v1.5.1
   Compiling libm v0.2.16
   Compiling bitflags v2.13.2
   Compiling pin-project-lite v0.2.17
   Compiling windows-sys v0.61.2
   Compiling foldhash v0.2.0
   Compiling equivalent v1.0.2
   Compiling futures-core v0.3.34
   Compiling crossbeam-utils v0.8.23
   Compiling hashbrown v0.17.1
   Compiling winnow v1.0.4
   Compiling allocator-api2 v0.2.21
   Compiling hashbrown v0.16.1
   Compiling toml_parser v1.1.3+spec-1.1.0
   Compiling indexmap v2.14.2
   Compiling smallvec v1.16.2
   Compiling log v0.4.34
   Compiling parking v2.2.1
   Compiling thiserror v2.0.21
   Compiling toml_datetime v1.1.1+spec-1.1.0
   Compiling toml_edit v0.25.15+spec-1.1.0
   Compiling thiserror-impl v2.0.21
   Compiling bevy_macro_utils v0.19.1
   Compiling concurrent-queue v2.5.0
   Compiling num-traits v0.2.19
   Compiling futures-io v0.3.34
   Compiling fastrand v2.5.0
   Compiling getrandom v0.4.3
   Compiling futures-lite v2.6.1
   Compiling event-listener v5.4.2
   Compiling raw-window-handle v0.6.2
   Compiling arrayvec v0.7.8
   Compiling event-listener-strategy v0.5.4
   Compiling once_cell v1.21.4
   Compiling slab v0.4.12
   Compiling foldhash v0.1.5
   Compiling rustix v1.1.5
   Compiling hashbrown v0.15.5
   Compiling uuid v1.26.1
   Compiling errno v0.3.14
   Compiling async-io v2.6.0
   Compiling wgpu-types v29.0.4
   Compiling polling v3.11.0
   Compiling windows-strings v0.5.1
   Compiling windows-result v0.4.1
   Compiling windows-interface v0.59.3
   Compiling windows-implement v0.60.2
   Compiling encase_derive_impl v0.12.1
   Compiling typewit v1.15.2
   Compiling const_panic v0.2.17
   Compiling windows-core v0.62.2
   Compiling async-channel v2.5.0
   Compiling rand_core v0.10.1
   Compiling unicode-segmentation v1.13.3
   Compiling typeid v1.0.3
   Compiling convert_case v0.10.0
   Compiling rand v0.10.3
   Compiling encase_derive v0.12.1
   Compiling atomic-waker v1.1.2
   Compiling unicode-xid v0.2.6
   Compiling spin v0.10.1
   Compiling derive_more-impl v2.1.1
   Compiling bevy_platform v0.19.1
   Compiling encase v0.12.1
   Compiling smol_str v0.2.2
   Compiling thread_local v1.1.10
   Compiling windows-threading v0.2.1
   Compiling async-task v4.7.1
   Compiling erased-serde v0.4.10
   Compiling windows-future v0.3.2
   Compiling glam v0.32.1
   Compiling derive_more v2.1.1
   Compiling windows-collections v0.3.2
   Compiling windows-numerics v0.3.1
   Compiling version_check v0.9.5
   Compiling disqualified v1.1.0
   Compiling fixedbitset v0.5.7
   Compiling petgraph v0.8.3
   Compiling bevy_utils v0.19.1
   Compiling slotmap v1.1.1
   Compiling windows v0.62.2
   Compiling bevy_reflect_derive v0.19.1
   Compiling variadics_please v1.1.0
   Compiling assert_type_match v0.1.1
   Compiling inventory v0.3.24
   Compiling bevy_ptr v0.19.1
   Compiling downcast-rs v2.0.2
   Compiling bevy_reflect v0.19.1
   Compiling async-executor v1.14.0
   Compiling bevy_ecs_macro_logic v0.19.1
   Compiling memchr v2.8.3
   Compiling crossbeam-queue v0.3.14
   Compiling nonmax v0.5.5
   Compiling bevy_tasks v0.19.1
   Compiling bevy_ecs_macros v0.19.1
   Compiling bumpalo v3.20.3
   Compiling tracing-core v0.1.36
   Compiling bevy_ecs v0.19.1
   Compiling bevy_derive v0.19.1
   Compiling ctrlc v3.5.2
   Compiling tracing-attributes v0.1.31
   Compiling tracing v0.1.44
   Compiling zerocopy v0.8.59
   Compiling zerocopy-derive v0.8.59
   Compiling either v1.18.0
   Compiling winapi v0.3.9
   Compiling half v2.7.1
   Compiling find-msvc-tools v0.1.14
   Compiling shlex v2.0.1
   Compiling ntapi v0.4.3
   Compiling libc v0.2.189
   Compiling cc v1.5.1
   Compiling bevy_app v0.19.1
   Compiling crossbeam-channel v0.5.17
   Compiling bevy_time v0.19.1
   Compiling blake3 v1.8.7
   Compiling itertools v0.14.0
   Compiling piper v0.2.5
   Compiling rand_distr v0.6.0
   Compiling cfg_aliases v0.2.2
   Compiling bevy_math v0.19.1
   Compiling blocking v1.7.0
   Compiling sysinfo v0.38.4
   Compiling async-lock v3.4.2
   Compiling futures-macro v0.3.34
   Compiling futures-task v0.3.34
   Compiling const-fnv1a-hash v1.1.0
   Compiling cpufeatures v0.3.1
   Compiling constant_time_eq v0.4.2
   Compiling bevy_diagnostic v0.19.1
   Compiling futures-util v0.3.34
   Compiling async-fs v2.2.0
   Compiling ron v0.12.2
   Compiling stackfuture v0.3.1
   Compiling async-broadcast v0.7.2
   Compiling bevy_asset_macros v0.19.1
   Compiling atomicow v1.2.0
   Compiling bevy_asset v0.19.1
   Compiling simd-adler32 v0.3.10
   Compiling adler2 v2.0.1
   Compiling crc32fast v1.5.2
   Compiling aho-corasick v1.1.5
   Compiling regex-syntax v0.8.11
   Compiling regex-automata v0.4.18
   Compiling miniz_oxide v0.9.1
   Compiling flate2 v1.1.10
   Compiling miniz_oxide v0.8.9
   Compiling fdeflate v0.3.7
   Compiling synstructure v0.14.0
   Compiling const_soft_float v0.1.4
   Compiling pxfm v0.1.30
   Compiling constgebra v0.1.4
   Compiling png v0.18.1
   Compiling moxcms v0.8.1
   Compiling bevy_color v0.19.1
   Compiling bevy_transform v0.19.1
   Compiling euclid v0.22.14
   Compiling byteorder-lite v0.1.0
   Compiling twox-hash v2.1.4
   Compiling svg_fmt v0.4.5
   Compiling guillotiere v0.6.2
   Compiling ruzstd v0.8.3
   Compiling image v0.25.10
   Compiling hexasphere v18.0.0
   Compiling zerofrom-derive v0.1.8
   Compiling bevy_encase_derive v0.19.1
   Compiling ktx2 v0.5.0
   Compiling rectangle-pack v0.4.2
   Compiling lazy_static v1.5.0
   Compiling bevy_mikktspace v1.0.0
   Compiling bevy_mesh v0.19.1
   Compiling bevy_image v0.19.1
   Compiling zerofrom v0.1.8
   Compiling yoke-derive v0.8.3
   Compiling bevy_input v0.19.1
   Compiling winapi-util v0.1.11
   Compiling stable_deref_trait v1.2.1
   Compiling yoke v0.8.3
   Compiling termcolor v1.4.1
   Compiling sharded-slab v0.1.7
   Compiling matchers v0.2.0
   Compiling tracing-log v0.2.0
   Compiling nu-ansi-term v0.50.3
   Compiling unicode-width v0.2.2
   Compiling tracing-subscriber v0.3.23
   Compiling bevy_window v0.19.1
   Compiling naga v29.0.4
   Compiling zerovec-derive v0.11.6
   Compiling bit-vec v0.9.1
   Compiling bit-set v0.9.1
   Compiling zerovec v0.11.8
   Compiling bevy_camera v0.19.1
   Compiling bevy_log v0.19.1
   Compiling codespan-reporting v0.13.1
   Compiling spirv v0.4.0+sdk-1.4.341.0
   Compiling displaydoc v0.2.7
   Compiling hexf-parse v0.2.1
   Compiling rustc-hash v1.1.0
   Compiling writeable v0.6.4
   Compiling wgpu-naga-bridge v29.0.4
   Compiling tinystr v0.8.4
   Compiling ash v0.38.0+1.3.281
   Compiling litemap v0.8.3
   Compiling parking_lot_core v0.9.12
   Compiling icu_locale_core v2.3.0
   Compiling potential_utf v0.1.6
   Compiling zerotrie v0.2.5
   Compiling libloading v0.8.9
   Compiling scopeguard v1.2.0
   Compiling lock_api v0.4.14
   Compiling icu_provider v2.3.1
   Compiling wgpu-hal v29.0.4
   Compiling gpu-descriptor-types v0.2.0
   Compiling presser v0.3.1
   Compiling utf8_iter v1.0.4
   Compiling icu_collections v2.3.0
   Compiling gpu-allocator v0.28.0
   Compiling gpu-descriptor v0.3.2
   Compiling parking_lot v0.12.5
   Compiling codespan-reporting v0.12.0
   Compiling regex v1.13.1
   Compiling ordered-float v5.5.0
   Compiling font-types v0.11.3
   Compiling renderdoc-sys v1.1.0
   Compiling range-alloc v0.1.5
   Compiling profiling v1.0.18
   Compiling data-encoding v2.11.1
   Compiling icu_locale_fallback_data v2.3.0
   Compiling static_assertions v1.1.0
   Compiling icu_properties_data v2.3.0
   Compiling naga_oil v0.22.0
   Compiling read-fonts v0.39.2
   Compiling wgpu-core v29.0.4
   Compiling icu_segmenter_data v2.3.0
   Compiling icu_normalizer_data v2.3.0
   Compiling litrs v1.0.0
   Compiling itoa v1.0.18
   Compiling document-features v0.2.12
   Compiling wgpu-core-deps-windows-linux-android v29.0.4
   Compiling bevy_shader v0.19.1
   Compiling wgpu v29.0.4
   Compiling bevy_gizmos_macros v0.19.1
   Compiling bevy_material_macros v0.19.1
   Compiling font-types v0.12.5
   Compiling read-fonts v0.41.0
   Compiling bevy_material v0.19.1
   Compiling bevy_gizmos v0.19.1
   Compiling icu_properties v2.3.0
   Compiling icu_locale_fallback v2.3.0
   Compiling core_maths v0.1.1
   Compiling enumn v0.1.14
   Compiling linebender_resource_handle v0.1.1
   Compiling memmap2 v0.9.11
   Compiling parlance v0.1.0
   Compiling fontique v0.9.0
   Compiling accesskit v0.24.1
   Compiling harfrust v0.6.2
   Compiling icu_normalizer v2.3.0
   Compiling icu_segmenter v2.3.0
   Compiling parley_data v0.9.0
   Compiling bevy_light v0.19.1
   Compiling skrifa v0.44.0
   Compiling skrifa v0.42.1
   Compiling bevy_picking v0.19.1
   Compiling offset-allocator v0.2.0
   Compiling bevy_render_macros v0.19.1
   Compiling zmij v1.0.23
   Compiling weak-table v0.3.2
   Compiling byteorder v1.5.0
   Compiling zeno v0.3.3
   Compiling yazi v0.2.1
   Compiling swash v0.2.10
   Compiling bevy_render v0.19.1
   Compiling parley v0.9.0
   Compiling bevy_clipboard v0.19.1
   Compiling sys-locale v0.3.2
   Compiling serde_json v1.0.151
   Compiling bevy_text v0.19.1
   Compiling bevy_core_pipeline v0.19.1
REAL_EXIT=1

== ABORT NOTE（worker-2 整改续做，2026-10-07）==
原因：树 target/release/host.exe 系共享构建拷贝产物（gate2c「即拷即验」先例），树 target 无依赖工件——本重编落入全量冷编路径（上方 bevy 栈 Compiling 行），按冷编纪律（Lead 既有裁决链：冷编须专门放行）taskkill 全清（进程复查 0），REAL_EXIT=1 如实留痕。
替代路径：共享 target 现源构建（runs/gate2-release-r2.log，0.65s fresh / REAL_EXIT=0，含 P1 修复字样）拷入树 target，供 t018 brp_smoke.sh 固定相对路径（../../../target/release/host.exe）解析——同 gate2c 先例。
拷贝哈希（拷贝后即验，见下行）：
9dedac211cba1e250df7ce2c74ef5e99cc190e5175ce7e6ce5b3d3d9e3d2329f *<main-repo>/target/release/host.exe
9dedac211cba1e250df7ce2c74ef5e99cc190e5175ce7e6ce5b3d3d9e3d2329f *target/release/host.exe
