== T019 spectate smoke 2026-10-07 04:41:50 ==
== host exe: <main-repo>/target/release/host.exe ==
[CHK-00-port-15715-free] PASS
[CHK-00-port-15716-free] PASS
[CHK-00-port-15717-free] PASS
== host1 pid 1483 (spectate autorun, port 15715) ==
[CHK-01-port-ready] PASS
[CHK-02-banner-mode-spectate] PASS
[CHK-02b-banner-loopback-port] PASS
[CHK-02c-banner-loopback-constraint] PASS
[CHK-02d-banner-autodeploy] PASS
--- REQ #1 (port 15715): {"jsonrpc":"2.0","id":1,"method":"game.state_hash","params":{}}
--- RESP #1 (port 15715): {"jsonrpc":"2.0","id":1,"result":{"state_hash":"0x003d9ad7e3759264","tick":20}}
[CHK-03-statehash-shape] PASS
--- REQ #1 (port 15715): {"jsonrpc":"2.0","id":1,"method":"game.state_hash","params":{}}
--- RESP #1 (port 15715): {"jsonrpc":"2.0","id":1,"result":{"state_hash":"0xdb032581bbb37183","tick":24}}
--- REQ #1 (port 15715): {"jsonrpc":"2.0","id":1,"method":"game.state_hash","params":{}}
--- RESP #1 (port 15715): {"jsonrpc":"2.0","id":1,"result":{"state_hash":"0x7fd76f6c57f8bfa0","tick":61}}
--- REQ #1 (port 15715): {"jsonrpc":"2.0","id":1,"method":"game.state_hash","params":{}}
--- RESP #1 (port 15715): {"jsonrpc":"2.0","id":1,"result":{"state_hash":"0x653deb1617700251","tick":97}}
--- REQ #1 (port 15715): {"jsonrpc":"2.0","id":1,"method":"game.state_hash","params":{}}
--- RESP #1 (port 15715): {"jsonrpc":"2.0","id":1,"result":{"state_hash":"0xae7b9f3890d47ac2","tick":134}}
--- REQ #1 (port 15715): {"jsonrpc":"2.0","id":1,"method":"game.state_hash","params":{}}
--- RESP #1 (port 15715): {"jsonrpc":"2.0","id":1,"result":{"state_hash":"0x165f8e819070d4a3","tick":170}}
--- REQ #1 (port 15715): {"jsonrpc":"2.0","id":1,"method":"game.state_hash","params":{}}
--- RESP #1 (port 15715): {"jsonrpc":"2.0","id":1,"result":{"state_hash":"0x4b6ebe106365df6c","tick":207}}
--- REQ #1 (port 15715): {"jsonrpc":"2.0","id":1,"method":"game.state_hash","params":{}}
--- RESP #1 (port 15715): {"jsonrpc":"2.0","id":1,"result":{"state_hash":"0xb2fce5bc4f0d4caa","tick":244}}
--- REQ #1 (port 15715): {"jsonrpc":"2.0","id":1,"method":"game.state_hash","params":{}}
--- RESP #1 (port 15715): {"jsonrpc":"2.0","id":1,"result":{"state_hash":"0xa643963220d5de68","tick":280}}
--- REQ #1 (port 15715): {"jsonrpc":"2.0","id":1,"method":"game.state_hash","params":{}}
--- RESP #1 (port 15715): {"jsonrpc":"2.0","id":1,"result":{"state_hash":"0x823e19d0e1a4bdae","tick":315}}
--- REQ #1 (port 15715): {"jsonrpc":"2.0","id":1,"method":"game.state_hash","params":{}}
--- RESP #1 (port 15715): {"jsonrpc":"2.0","id":1,"result":{"state_hash":"0xedde64daf4648cc4","tick":351}}
--- REQ #1 (port 15715): {"jsonrpc":"2.0","id":1,"method":"game.state_hash","params":{}}
--- RESP #1 (port 15715): {"jsonrpc":"2.0","id":1,"result":{"state_hash":"0x3a02e7defe490dad","tick":387}}
--- REQ #1 (port 15715): {"jsonrpc":"2.0","id":1,"method":"game.state_hash","params":{}}
--- RESP #1 (port 15715): {"jsonrpc":"2.0","id":1,"result":{"state_hash":"0x3085f2d16868bab2","tick":423}}
--- REQ #1 (port 15715): {"jsonrpc":"2.0","id":1,"method":"game.state_hash","params":{}}
--- RESP #1 (port 15715): {"jsonrpc":"2.0","id":1,"result":{"state_hash":"0xcc77ec50c002f7c8","tick":459}}
--- REQ #1 (port 15715): {"jsonrpc":"2.0","id":1,"method":"game.state_hash","params":{}}
--- RESP #1 (port 15715): {"jsonrpc":"2.0","id":1,"result":{"state_hash":"0xd0dca606b73a4af7","tick":495}}
--- REQ #1 (port 15715): {"jsonrpc":"2.0","id":1,"method":"game.state_hash","params":{}}
--- RESP #1 (port 15715): {"jsonrpc":"2.0","id":1,"result":{"state_hash":"0x8ae1449708218013","tick":531}}
--- REQ #1 (port 15715): {"jsonrpc":"2.0","id":1,"method":"game.state_hash","params":{}}
--- RESP #1 (port 15715): {"jsonrpc":"2.0","id":1,"result":{"state_hash":"0x64b7327a6e50fd7c","tick":567}}
--- REQ #1 (port 15715): {"jsonrpc":"2.0","id":1,"method":"game.state_hash","params":{}}
--- RESP #1 (port 15715): {"jsonrpc":"2.0","id":1,"result":{"state_hash":"0x3c467431c07a090f","tick":603}}
--- REQ #1 (port 15715): {"jsonrpc":"2.0","id":1,"method":"game.state_hash","params":{}}
--- RESP #1 (port 15715): {"jsonrpc":"2.0","id":1,"result":{"state_hash":"0x19ae52c7b91c0e3d","tick":639}}
--- REQ #1 (port 15715): {"jsonrpc":"2.0","id":1,"method":"game.state_hash","params":{}}
--- RESP #1 (port 15715): {"jsonrpc":"2.0","id":1,"result":{"state_hash":"0x8398fde6274218ec","tick":674}}
--- REQ #1 (port 15715): {"jsonrpc":"2.0","id":1,"method":"game.state_hash","params":{}}
--- RESP #1 (port 15715): {"jsonrpc":"2.0","id":1,"result":{"state_hash":"0xe598e58463d28f6a","tick":710}}
--- REQ #1 (port 15715): {"jsonrpc":"2.0","id":1,"method":"game.state_hash","params":{}}
--- RESP #1 (port 15715): {"jsonrpc":"2.0","id":1,"result":{"state_hash":"0x45eefd00090e1a99","tick":747}}
--- REQ #1 (port 15715): {"jsonrpc":"2.0","id":1,"method":"game.state_hash","params":{}}
--- RESP #1 (port 15715): {"jsonrpc":"2.0","id":1,"result":{"state_hash":"0xc5f0473e9e6d82bb","tick":783}}
--- REQ #1 (port 15715): {"jsonrpc":"2.0","id":1,"method":"game.state_hash","params":{}}
--- RESP #1 (port 15715): {"jsonrpc":"2.0","id":1,"result":{"state_hash":"0xad1f22fceceb6bb9","tick":819}}
--- REQ #1 (port 15715): {"jsonrpc":"2.0","id":1,"method":"game.state_hash","params":{}}
--- RESP #1 (port 15715): {"jsonrpc":"2.0","id":1,"result":{"state_hash":"0x7763ac3aad2ac7d2","tick":854}}
--- REQ #1 (port 15715): {"jsonrpc":"2.0","id":1,"method":"game.state_hash","params":{}}
--- RESP #1 (port 15715): {"jsonrpc":"2.0","id":1,"result":{"state_hash":"0x188e88059ba92d09","tick":890}}
--- REQ #1 (port 15715): {"jsonrpc":"2.0","id":1,"method":"game.state_hash","params":{}}
--- RESP #1 (port 15715): {"jsonrpc":"2.0","id":1,"result":{"state_hash":"0xeb1b3fa30539ebdc","tick":926}}
--- REQ #1 (port 15715): {"jsonrpc":"2.0","id":1,"method":"game.state_hash","params":{}}
--- RESP #1 (port 15715): {"jsonrpc":"2.0","id":1,"result":{"state_hash":"0xb42971be6eb7bf12","tick":962}}
--- REQ #1 (port 15715): {"jsonrpc":"2.0","id":1,"method":"game.state_hash","params":{}}
--- RESP #1 (port 15715): {"jsonrpc":"2.0","id":1,"result":{"state_hash":"0x9733d1eb8f1d88c9","tick":998}}
--- REQ #1 (port 15715): {"jsonrpc":"2.0","id":1,"method":"game.state_hash","params":{}}
--- RESP #1 (port 15715): {"jsonrpc":"2.0","id":1,"result":{"state_hash":"0xb4bd406af874a81d","tick":1034}}
--- REQ #1 (port 15715): {"jsonrpc":"2.0","id":1,"method":"game.state_hash","params":{}}
--- RESP #1 (port 15715): {"jsonrpc":"2.0","id":1,"result":{"state_hash":"0x6db3c8c2557558f4","tick":1070}}
--- REQ #1 (port 15715): {"jsonrpc":"2.0","id":1,"method":"game.state_hash","params":{}}
--- RESP #1 (port 15715): {"jsonrpc":"2.0","id":1,"result":{"state_hash":"0x8df4e4583b69bce2","tick":1106}}
--- REQ #1 (port 15715): {"jsonrpc":"2.0","id":1,"method":"game.state_hash","params":{}}
--- RESP #1 (port 15715): {"jsonrpc":"2.0","id":1,"result":{"state_hash":"0x17f80fa3fc39caa4","tick":1142}}
--- REQ #1 (port 15715): {"jsonrpc":"2.0","id":1,"method":"game.state_hash","params":{}}
--- RESP #1 (port 15715): {"jsonrpc":"2.0","id":1,"result":{"state_hash":"0x9ac65184ccc9e2bc","tick":1178}}
--- REQ #1 (port 15715): {"jsonrpc":"2.0","id":1,"method":"game.state_hash","params":{}}
--- RESP #1 (port 15715): {"jsonrpc":"2.0","id":1,"result":{"state_hash":"0x31a532b9dad88ad3","tick":1215}}
--- REQ #1 (port 15715): {"jsonrpc":"2.0","id":1,"method":"game.state_hash","params":{}}
--- RESP #1 (port 15715): {"jsonrpc":"2.0","id":1,"result":{"state_hash":"0x6dfb55d5a61f197a","tick":1251}}
--- REQ #1 (port 15715): {"jsonrpc":"2.0","id":1,"method":"game.state_hash","params":{}}
--- RESP #1 (port 15715): {"jsonrpc":"2.0","id":1,"result":{"state_hash":"0x5f8d4e4c9cc592d9","tick":1288}}
--- REQ #1 (port 15715): {"jsonrpc":"2.0","id":1,"method":"game.state_hash","params":{}}
--- RESP #1 (port 15715): {"jsonrpc":"2.0","id":1,"result":{"state_hash":"0xcd3a02e53523d8cd","tick":1324}}
--- REQ #1 (port 15715): {"jsonrpc":"2.0","id":1,"method":"game.state_hash","params":{}}
--- RESP #1 (port 15715): {"jsonrpc":"2.0","id":1,"result":{"state_hash":"0x896972b46a3386b6","tick":1360}}
--- REQ #1 (port 15715): {"jsonrpc":"2.0","id":1,"method":"game.state_hash","params":{}}
--- RESP #1 (port 15715): {"jsonrpc":"2.0","id":1,"result":{"state_hash":"0xa2b8eb8f9e260b1d","tick":1396}}
--- REQ #1 (port 15715): {"jsonrpc":"2.0","id":1,"method":"game.state_hash","params":{}}
--- RESP #1 (port 15715): {"jsonrpc":"2.0","id":1,"result":{"state_hash":"0xda3060701ddf393f","tick":1432}}
--- REQ #1 (port 15715): {"jsonrpc":"2.0","id":1,"method":"game.state_hash","params":{}}
--- RESP #1 (port 15715): {"jsonrpc":"2.0","id":1,"result":{"state_hash":"0x5405c1e1534b29aa","tick":1468}}
--- REQ #1 (port 15715): {"jsonrpc":"2.0","id":1,"method":"game.state_hash","params":{}}
--- RESP #1 (port 15715): {"jsonrpc":"2.0","id":1,"result":{"state_hash":"0x63d76476807177d8","tick":1504}}
--- REQ #1 (port 15715): {"jsonrpc":"2.0","id":1,"method":"game.state_hash","params":{}}
--- RESP #1 (port 15715): {"jsonrpc":"2.0","id":1,"result":{"state_hash":"0x64bcbdbd42d5b47e","tick":1540}}
--- REQ #1 (port 15715): {"jsonrpc":"2.0","id":1,"method":"game.state_hash","params":{}}
--- RESP #1 (port 15715): {"jsonrpc":"2.0","id":1,"result":{"state_hash":"0xb00d5e6b79fb914a","tick":1576}}
--- REQ #1 (port 15715): {"jsonrpc":"2.0","id":1,"method":"game.state_hash","params":{}}
--- RESP #1 (port 15715): {"jsonrpc":"2.0","id":1,"result":{"state_hash":"0xca7c4411d73a2242","tick":1612}}
--- REQ #1 (port 15715): {"jsonrpc":"2.0","id":1,"method":"game.state_hash","params":{}}
--- RESP #1 (port 15715): {"jsonrpc":"2.0","id":1,"result":{"state_hash":"0xfe68e6f32922e920","tick":1648}}
--- REQ #1 (port 15715): {"jsonrpc":"2.0","id":1,"method":"game.state_hash","params":{}}
--- RESP #1 (port 15715): {"jsonrpc":"2.0","id":1,"result":{"state_hash":"0xf85c97d6cd88a6c8","tick":1683}}
--- REQ #1 (port 15715): {"jsonrpc":"2.0","id":1,"method":"game.state_hash","params":{}}
--- RESP #1 (port 15715): {"jsonrpc":"2.0","id":1,"result":{"state_hash":"0x21bc2c92669ff6c8","tick":1719}}
--- REQ #1 (port 15715): {"jsonrpc":"2.0","id":1,"method":"game.state_hash","params":{}}
--- RESP #1 (port 15715): {"jsonrpc":"2.0","id":1,"result":{"state_hash":"0x31076fed6aa87d0e","tick":1755}}
--- REQ #1 (port 15715): {"jsonrpc":"2.0","id":1,"method":"game.state_hash","params":{}}
--- RESP #1 (port 15715): {"jsonrpc":"2.0","id":1,"result":{"state_hash":"0x19a0848ad310865e","tick":1791}}
--- REQ #1 (port 15715): {"jsonrpc":"2.0","id":1,"method":"game.state_hash","params":{}}
--- RESP #1 (port 15715): {"jsonrpc":"2.0","id":1,"result":{"state_hash":"0xb82a248ff23515e2","tick":1800}}
[CHK-04-autoran-frozen] PASS
--- REQ #1 (port 15715): {"jsonrpc":"2.0","id":1,"method":"game.outcome","params":{}}
--- RESP #1 (port 15715): {"jsonrpc":"2.0","id":1,"result":{"alive_blue":23,"alive_red":23,"end_tick":1800,"final_hash":"0xb82a248ff23515e2","winner":"red"}}
spectate melee-brawl seed7: end_tick=1800 final_hash="final_hash":"0xb82a248ff23515e2" (frozen_at: {"jsonrpc":"2.0","id":1,"result":{"state_hash":"0xb82a248ff23515e2","tick":1800}})
[CHK-05-anchor-mb-bitexact] PASS
--- REQ #1 (port 15715): {"jsonrpc":"2.0","id":1,"method":"game.state_hash","params":{}}
--- RESP #1 (port 15715): {"jsonrpc":"2.0","id":1,"result":{"state_hash":"0xb82a248ff23515e2","tick":1800}}
[CHK-05b-statehash-frozen-consistent] PASS
--- REQ #1 (port 15715): {"jsonrpc":"2.0","id":1,"method":"game.run_to_tick","params":{"ticks":10}}
--- RESP #1 (port 15715): {"jsonrpc":"2.0","id":1,"error":{"code":4002,"message":"battle already resolved; call game.deploy to start a new one","data":{"end_tick":1800,"final_hash":"0xb82a248ff23515e2","winner":"red"}}}
[CHK-06-frozen-run-4002] PASS
--- REQ #1 (port 15715): {"jsonrpc":"2.0","id":1,"method":"game.screenshot","params":{}}
--- RESP #1 (port 15715): {"jsonrpc":"2.0","id":1,"result":{"id":0,"status":"requested"}}
[CHK-07-shot-requested] PASS
--- REQ #1 (port 15715): {"jsonrpc":"2.0","id":1,"method":"game.screenshot","params":{"id":0}}
--- RESP #1 (port 15715): {"jsonrpc":"2.0","id":1,"result":{"bytes":104239,"path":"screenshot-1791319311581-0.png","status":"captured"}}
[CHK-07b-shot-captured] PASS
shot1: id=0 path=screenshot-1791319311581-0.png bytes=104239
[CHK-07c-shot-file-exists] PASS
[CHK-07d-shot-bytes-nonzero] PASS
[CHK-07e-shot-png-magic] PASS
04443929ecd7e0ecbef0007c1022016f82ab544628551b2360c83dfaac82eaa5 *shot-1-frozen-melee-seed7.png
[CHK-07f-shot-moved-evidence] PASS
[CHK-08-host1-alive] PASS
[CHK-08b-host1-no-panic] PASS
== host2 pid 2467 (spectate autorun, port 15716) ==
[CHK-09-port2-ready] PASS
--- REQ #1 (port 15716): {"jsonrpc":"2.0","id":1,"method":"game.state_hash","params":{}}
--- RESP #1 (port 15716): {"jsonrpc":"2.0","id":1,"result":{"state_hash":"0x3a115d6e16f2703a","tick":5}}
--- REQ #1 (port 15716): {"jsonrpc":"2.0","id":1,"method":"game.state_hash","params":{}}
--- RESP #1 (port 15716): {"jsonrpc":"2.0","id":1,"result":{"state_hash":"0x63ce11c9b07766c4","tick":41}}
--- REQ #1 (port 15716): {"jsonrpc":"2.0","id":1,"method":"game.state_hash","params":{}}
--- RESP #1 (port 15716): {"jsonrpc":"2.0","id":1,"result":{"state_hash":"0x22e909cd19c656e8","tick":77}}
--- REQ #1 (port 15716): {"jsonrpc":"2.0","id":1,"method":"game.state_hash","params":{}}
--- RESP #1 (port 15716): {"jsonrpc":"2.0","id":1,"result":{"state_hash":"0x8ae30e438327ec25","tick":113}}
--- REQ #1 (port 15716): {"jsonrpc":"2.0","id":1,"method":"game.state_hash","params":{}}
--- RESP #1 (port 15716): {"jsonrpc":"2.0","id":1,"result":{"state_hash":"0x07a3c99823a37713","tick":148}}
--- REQ #1 (port 15716): {"jsonrpc":"2.0","id":1,"method":"game.state_hash","params":{}}
--- RESP #1 (port 15716): {"jsonrpc":"2.0","id":1,"result":{"state_hash":"0xd7214748363ceba8","tick":184}}
--- REQ #1 (port 15716): {"jsonrpc":"2.0","id":1,"method":"game.state_hash","params":{}}
--- RESP #1 (port 15716): {"jsonrpc":"2.0","id":1,"result":{"state_hash":"0x24ff7bb5a85ba0a2","tick":220}}
--- REQ #1 (port 15716): {"jsonrpc":"2.0","id":1,"method":"game.state_hash","params":{}}
--- RESP #1 (port 15716): {"jsonrpc":"2.0","id":1,"result":{"state_hash":"0xa4b2eb07dad31043","tick":256}}
--- REQ #1 (port 15716): {"jsonrpc":"2.0","id":1,"method":"game.state_hash","params":{}}
--- RESP #1 (port 15716): {"jsonrpc":"2.0","id":1,"result":{"state_hash":"0xa1ab40518387a493","tick":291}}
--- REQ #1 (port 15716): {"jsonrpc":"2.0","id":1,"method":"game.state_hash","params":{}}
--- RESP #1 (port 15716): {"jsonrpc":"2.0","id":1,"result":{"state_hash":"0x0b5fdd1751c9fbf6","tick":327}}
--- REQ #1 (port 15716): {"jsonrpc":"2.0","id":1,"method":"game.state_hash","params":{}}
--- RESP #1 (port 15716): {"jsonrpc":"2.0","id":1,"result":{"state_hash":"0xcc0641e5b3872563","tick":364}}
--- REQ #1 (port 15716): {"jsonrpc":"2.0","id":1,"method":"game.state_hash","params":{}}
--- RESP #1 (port 15716): {"jsonrpc":"2.0","id":1,"result":{"state_hash":"0xe834dacb15f1b0f7","tick":399}}
--- REQ #1 (port 15716): {"jsonrpc":"2.0","id":1,"method":"game.state_hash","params":{}}
--- RESP #1 (port 15716): {"jsonrpc":"2.0","id":1,"result":{"state_hash":"0xe4114cf2c5c6fee1","tick":435}}
--- REQ #1 (port 15716): {"jsonrpc":"2.0","id":1,"method":"game.state_hash","params":{}}
--- RESP #1 (port 15716): {"jsonrpc":"2.0","id":1,"result":{"state_hash":"0x3363d800a0eacc80","tick":471}}
--- REQ #1 (port 15716): {"jsonrpc":"2.0","id":1,"method":"game.state_hash","params":{}}
--- RESP #1 (port 15716): {"jsonrpc":"2.0","id":1,"result":{"state_hash":"0x24b5da135ac97ed9","tick":507}}
--- REQ #1 (port 15716): {"jsonrpc":"2.0","id":1,"method":"game.state_hash","params":{}}
--- RESP #1 (port 15716): {"jsonrpc":"2.0","id":1,"result":{"state_hash":"0x3146f1babb8cd931","tick":543}}
--- REQ #1 (port 15716): {"jsonrpc":"2.0","id":1,"method":"game.state_hash","params":{}}
--- RESP #1 (port 15716): {"jsonrpc":"2.0","id":1,"result":{"state_hash":"0x44a25c12bc9fce0c","tick":579}}
--- REQ #1 (port 15716): {"jsonrpc":"2.0","id":1,"method":"game.state_hash","params":{}}
--- RESP #1 (port 15716): {"jsonrpc":"2.0","id":1,"result":{"state_hash":"0x4ddfa2463ffac8ba","tick":615}}
--- REQ #1 (port 15716): {"jsonrpc":"2.0","id":1,"method":"game.state_hash","params":{}}
--- RESP #1 (port 15716): {"jsonrpc":"2.0","id":1,"result":{"state_hash":"0xebc88d4a47762df4","tick":651}}
--- REQ #1 (port 15716): {"jsonrpc":"2.0","id":1,"method":"game.state_hash","params":{}}
--- RESP #1 (port 15716): {"jsonrpc":"2.0","id":1,"result":{"state_hash":"0x83c8b62de3377961","tick":686}}
--- REQ #1 (port 15716): {"jsonrpc":"2.0","id":1,"method":"game.state_hash","params":{}}
--- RESP #1 (port 15716): {"jsonrpc":"2.0","id":1,"result":{"state_hash":"0x506cf05d5b7f1c87","tick":722}}
--- REQ #1 (port 15716): {"jsonrpc":"2.0","id":1,"method":"game.state_hash","params":{}}
--- RESP #1 (port 15716): {"jsonrpc":"2.0","id":1,"result":{"state_hash":"0x0814dd3b0a9cb402","tick":758}}
--- REQ #1 (port 15716): {"jsonrpc":"2.0","id":1,"method":"game.state_hash","params":{}}
--- RESP #1 (port 15716): {"jsonrpc":"2.0","id":1,"result":{"state_hash":"0x28a5182093374c90","tick":794}}
--- REQ #1 (port 15716): {"jsonrpc":"2.0","id":1,"method":"game.state_hash","params":{}}
--- RESP #1 (port 15716): {"jsonrpc":"2.0","id":1,"result":{"state_hash":"0xe26af35aeecc0965","tick":830}}
--- REQ #1 (port 15716): {"jsonrpc":"2.0","id":1,"method":"game.state_hash","params":{}}
--- RESP #1 (port 15716): {"jsonrpc":"2.0","id":1,"result":{"state_hash":"0x1bcf3effd9db5b28","tick":866}}
--- REQ #1 (port 15716): {"jsonrpc":"2.0","id":1,"method":"game.state_hash","params":{}}
--- RESP #1 (port 15716): {"jsonrpc":"2.0","id":1,"result":{"state_hash":"0x6589385e0f2658b4","tick":902}}
--- REQ #1 (port 15716): {"jsonrpc":"2.0","id":1,"method":"game.state_hash","params":{}}
--- RESP #1 (port 15716): {"jsonrpc":"2.0","id":1,"result":{"state_hash":"0xa6462a02a726693c","tick":938}}
--- REQ #1 (port 15716): {"jsonrpc":"2.0","id":1,"method":"game.state_hash","params":{}}
--- RESP #1 (port 15716): {"jsonrpc":"2.0","id":1,"result":{"state_hash":"0x475f94ed10b445e6","tick":974}}
--- REQ #1 (port 15716): {"jsonrpc":"2.0","id":1,"method":"game.state_hash","params":{}}
--- RESP #1 (port 15716): {"jsonrpc":"2.0","id":1,"result":{"state_hash":"0xe9c49a814452a502","tick":1010}}
--- REQ #1 (port 15716): {"jsonrpc":"2.0","id":1,"method":"game.state_hash","params":{}}
--- RESP #1 (port 15716): {"jsonrpc":"2.0","id":1,"result":{"state_hash":"0x73811774c0e5c486","tick":1045}}
--- REQ #1 (port 15716): {"jsonrpc":"2.0","id":1,"method":"game.state_hash","params":{}}
--- RESP #1 (port 15716): {"jsonrpc":"2.0","id":1,"result":{"state_hash":"0x73b5f4bc2298d059","tick":1081}}
--- REQ #1 (port 15716): {"jsonrpc":"2.0","id":1,"method":"game.state_hash","params":{}}
--- RESP #1 (port 15716): {"jsonrpc":"2.0","id":1,"result":{"state_hash":"0xb475c2cdf2eadd38","tick":1117}}
--- REQ #1 (port 15716): {"jsonrpc":"2.0","id":1,"method":"game.state_hash","params":{}}
--- RESP #1 (port 15716): {"jsonrpc":"2.0","id":1,"result":{"state_hash":"0x1daf9e25c72f2bff","tick":1153}}
--- REQ #1 (port 15716): {"jsonrpc":"2.0","id":1,"method":"game.state_hash","params":{}}
--- RESP #1 (port 15716): {"jsonrpc":"2.0","id":1,"result":{"state_hash":"0x60ac0c270d46f8b0","tick":1189}}
--- REQ #1 (port 15716): {"jsonrpc":"2.0","id":1,"method":"game.state_hash","params":{}}
--- RESP #1 (port 15716): {"jsonrpc":"2.0","id":1,"result":{"state_hash":"0x454a04a094ba1ebc","tick":1225}}
--- REQ #1 (port 15716): {"jsonrpc":"2.0","id":1,"method":"game.state_hash","params":{}}
--- RESP #1 (port 15716): {"jsonrpc":"2.0","id":1,"result":{"state_hash":"0xcd745a8282395904","tick":1261}}
--- REQ #1 (port 15716): {"jsonrpc":"2.0","id":1,"method":"game.state_hash","params":{}}
--- RESP #1 (port 15716): {"jsonrpc":"2.0","id":1,"result":{"state_hash":"0x00d987da42dcca94","tick":1298}}
--- REQ #1 (port 15716): {"jsonrpc":"2.0","id":1,"method":"game.state_hash","params":{}}
--- RESP #1 (port 15716): {"jsonrpc":"2.0","id":1,"result":{"state_hash":"0x3b5afe033d1aff15","tick":1333}}
--- REQ #1 (port 15716): {"jsonrpc":"2.0","id":1,"method":"game.state_hash","params":{}}
--- RESP #1 (port 15716): {"jsonrpc":"2.0","id":1,"result":{"state_hash":"0xd2b72d8f87b91894","tick":1369}}
--- REQ #1 (port 15716): {"jsonrpc":"2.0","id":1,"method":"game.state_hash","params":{}}
--- RESP #1 (port 15716): {"jsonrpc":"2.0","id":1,"result":{"state_hash":"0x742c85dab37b0c1f","tick":1405}}
--- REQ #1 (port 15716): {"jsonrpc":"2.0","id":1,"method":"game.state_hash","params":{}}
--- RESP #1 (port 15716): {"jsonrpc":"2.0","id":1,"result":{"state_hash":"0x97db106ddec0be92","tick":1441}}
--- REQ #1 (port 15716): {"jsonrpc":"2.0","id":1,"method":"game.state_hash","params":{}}
--- RESP #1 (port 15716): {"jsonrpc":"2.0","id":1,"result":{"state_hash":"0x0d047e0c066ca681","tick":1478}}
--- REQ #1 (port 15716): {"jsonrpc":"2.0","id":1,"method":"game.state_hash","params":{}}
--- RESP #1 (port 15716): {"jsonrpc":"2.0","id":1,"result":{"state_hash":"0xb6c25c83f0a5e84b","tick":1513}}
--- REQ #1 (port 15716): {"jsonrpc":"2.0","id":1,"method":"game.state_hash","params":{}}
--- RESP #1 (port 15716): {"jsonrpc":"2.0","id":1,"result":{"state_hash":"0xc090329c2f047c8d","tick":1549}}
--- REQ #1 (port 15716): {"jsonrpc":"2.0","id":1,"method":"game.state_hash","params":{}}
--- RESP #1 (port 15716): {"jsonrpc":"2.0","id":1,"result":{"state_hash":"0x7a5ba0f43190b1f7","tick":1585}}
--- REQ #1 (port 15716): {"jsonrpc":"2.0","id":1,"method":"game.state_hash","params":{}}
--- RESP #1 (port 15716): {"jsonrpc":"2.0","id":1,"result":{"state_hash":"0x4323cc0ae870bcc7","tick":1621}}
--- REQ #1 (port 15716): {"jsonrpc":"2.0","id":1,"method":"game.state_hash","params":{}}
--- RESP #1 (port 15716): {"jsonrpc":"2.0","id":1,"result":{"state_hash":"0x6baa9266c0c936c5","tick":1657}}
--- REQ #1 (port 15716): {"jsonrpc":"2.0","id":1,"method":"game.state_hash","params":{}}
--- RESP #1 (port 15716): {"jsonrpc":"2.0","id":1,"result":{"state_hash":"0x95104890f273cd74","tick":1693}}
--- REQ #1 (port 15716): {"jsonrpc":"2.0","id":1,"method":"game.state_hash","params":{}}
--- RESP #1 (port 15716): {"jsonrpc":"2.0","id":1,"result":{"state_hash":"0x052a86a4bba859bb","tick":1729}}
--- REQ #1 (port 15716): {"jsonrpc":"2.0","id":1,"method":"game.state_hash","params":{}}
--- RESP #1 (port 15716): {"jsonrpc":"2.0","id":1,"result":{"state_hash":"0x6a8dbad20465e749","tick":1765}}
--- REQ #1 (port 15716): {"jsonrpc":"2.0","id":1,"method":"game.state_hash","params":{}}
--- RESP #1 (port 15716): {"jsonrpc":"2.0","id":1,"result":{"state_hash":"0x26c77d5372dc7ad0","tick":1800}}
[CHK-10-autoran2-frozen] PASS
--- REQ #1 (port 15716): {"jsonrpc":"2.0","id":1,"method":"game.outcome","params":{}}
--- RESP #1 (port 15716): {"jsonrpc":"2.0","id":1,"result":{"alive_blue":2,"alive_red":2,"end_tick":1800,"final_hash":"0x26c77d5372dc7ad0","winner":"red"}}
spectate seed43 swordsman:10 lane50: "winner":"red" "end_tick":1800 "final_hash":"0x26c77d5372dc7ad0"
[CHK-10b-hash2-captured] PASS
[CHK-10c-host2-alive] PASS
[CHK-10d-host2-no-panic] PASS
== host3 pid 2895 (headless, port 15717) ==
[CHK-11-port3-ready] PASS
[CHK-11b-banner-headless] PASS
--- REQ #1 (port 15717): {"jsonrpc":"2.0","id":1,"method":"game.outcome","params":{}}
--- RESP #1 (port 15717): {"jsonrpc":"2.0","id":1,"result":{"alive_blue":2,"alive_red":2,"end_tick":1800,"final_hash":"0x26c77d5372dc7ad0","winner":"red"}}
headless seed43 swordsman:10 lane50: "final_hash":"0x26c77d5372dc7ad0"
[CHK-12-spectate-headless-bitexact] PASS
[CHK-12b-host3-alive] PASS
[CHK-12c-host3-no-panic] PASS
== host4 pid 2908 (spectate pure service, port 15715) ==
[CHK-13-port-ready-again] PASS
--- REQ #1 (port 15715): {"jsonrpc":"2.0","id":1,"method":"game.deploy","params":{"seed":43,"red":[{"kind":"swordsman","count":10}],"blue":[{"kind":"swordsman","count":10}],"lane_len_m":50}}
--- RESP #1 (port 15715): {"jsonrpc":"2.0","id":1,"result":{"alive_blue":10,"alive_red":10,"deploy_hash":"0x7d01e8ec14f0a12d","tick":0,"units":20}}
[CHK-14-brp-deploy-tick0] PASS
[CHK-14b-brp-deploy-units20] PASS
--- REQ #1 (port 15715): {"jsonrpc":"2.0","id":1,"method":"game.run_to_tick","params":{"ticks":300}}
--- RESP #1 (port 15715): {"jsonrpc":"2.0","id":1,"result":{"queued":300,"state_hash":"0x7d01e8ec14f0a12d","tick":0}}
[CHK-15-queued-300-immediate] PASS
[CHK-15b-queued-tick0] PASS
--- REQ #1 (port 15715): {"jsonrpc":"2.0","id":1,"method":"game.state_hash","params":{}}
--- RESP #1 (port 15715): {"jsonrpc":"2.0","id":1,"result":{"state_hash":"0x3a115d6e16f2703a","tick":5}}
--- REQ #1 (port 15715): {"jsonrpc":"2.0","id":1,"method":"game.state_hash","params":{}}
--- RESP #1 (port 15715): {"jsonrpc":"2.0","id":1,"result":{"state_hash":"0x63ce11c9b07766c4","tick":41}}
--- REQ #1 (port 15715): {"jsonrpc":"2.0","id":1,"method":"game.state_hash","params":{}}
--- RESP #1 (port 15715): {"jsonrpc":"2.0","id":1,"result":{"state_hash":"0x22e909cd19c656e8","tick":77}}
--- REQ #1 (port 15715): {"jsonrpc":"2.0","id":1,"method":"game.state_hash","params":{}}
--- RESP #1 (port 15715): {"jsonrpc":"2.0","id":1,"result":{"state_hash":"0x8ae30e438327ec25","tick":113}}
--- REQ #1 (port 15715): {"jsonrpc":"2.0","id":1,"method":"game.state_hash","params":{}}
--- RESP #1 (port 15715): {"jsonrpc":"2.0","id":1,"result":{"state_hash":"0x07a3c99823a37713","tick":148}}
--- REQ #1 (port 15715): {"jsonrpc":"2.0","id":1,"method":"game.state_hash","params":{}}
--- RESP #1 (port 15715): {"jsonrpc":"2.0","id":1,"result":{"state_hash":"0xd7214748363ceba8","tick":184}}
--- REQ #1 (port 15715): {"jsonrpc":"2.0","id":1,"method":"game.state_hash","params":{}}
--- RESP #1 (port 15715): {"jsonrpc":"2.0","id":1,"result":{"state_hash":"0x24ff7bb5a85ba0a2","tick":220}}
--- REQ #1 (port 15715): {"jsonrpc":"2.0","id":1,"method":"game.state_hash","params":{}}
--- RESP #1 (port 15715): {"jsonrpc":"2.0","id":1,"result":{"state_hash":"0xa4b2eb07dad31043","tick":256}}
--- REQ #1 (port 15715): {"jsonrpc":"2.0","id":1,"method":"game.state_hash","params":{}}
--- RESP #1 (port 15715): {"jsonrpc":"2.0","id":1,"result":{"state_hash":"0xae490a261f56e25e","tick":292}}
--- REQ #1 (port 15715): {"jsonrpc":"2.0","id":1,"method":"game.state_hash","params":{}}
--- RESP #1 (port 15715): {"jsonrpc":"2.0","id":1,"result":{"state_hash":"0xcdf3fef834f172ce","tick":300}}
spectate manual-drive: tick=300 hash="state_hash":"0xcdf3fef834f172ce"
[CHK-16-manual-advanced] PASS
== host5 pid 3120 (headless pure service, port 15717) ==
[CHK-17-port3-ready-again] PASS
--- REQ #1 (port 15717): {"jsonrpc":"2.0","id":1,"method":"game.deploy","params":{"seed":43,"red":[{"kind":"swordsman","count":10}],"blue":[{"kind":"swordsman","count":10}],"lane_len_m":50}}
--- RESP #1 (port 15717): {"jsonrpc":"2.0","id":1,"result":{"alive_blue":10,"alive_red":10,"deploy_hash":"0x7d01e8ec14f0a12d","tick":0,"units":20}}
[CHK-17b-headless-deploy] PASS
--- REQ #1 (port 15717): {"jsonrpc":"2.0","id":1,"method":"game.run_to_tick","params":{"ticks":300}}
--- RESP #1 (port 15717): {"jsonrpc":"2.0","id":1,"result":{"state_hash":"0xcdf3fef834f172ce","tick":300}}
headless 300t: tick=300 hash="state_hash":"0xcdf3fef834f172ce"
[CHK-18-manual-crossmode-bitexact] PASS
--- REQ #1 (port 15715): {"jsonrpc":"2.0","id":1,"method":"game.deploy","params":{"preset":"default","seed":42}}
--- RESP #1 (port 15715): {"jsonrpc":"2.0","id":1,"result":{"alive_blue":30,"alive_red":30,"deploy_hash":"0xe2706f0b91a2be8e","tick":0,"units":60}}
[CHK-19-redeploy-default-units60] PASS
--- REQ #1 (port 15715): {"jsonrpc":"2.0","id":1,"method":"game.screenshot","params":{}}
--- RESP #1 (port 15715): {"jsonrpc":"2.0","id":1,"result":{"id":0,"status":"requested"}}
[CHK-20-shot2-requested] PASS
--- REQ #1 (port 15715): {"jsonrpc":"2.0","id":1,"method":"game.screenshot","params":{"id":0}}
--- RESP #1 (port 15715): {"jsonrpc":"2.0","id":1,"result":{"bytes":65627,"path":"screenshot-1791319439811-0.png","status":"captured"}}
[CHK-20b-shot2-captured] PASS
shot2: id=0 path=screenshot-1791319439811-0.png bytes=65627
[CHK-20c-shot2-file-exists] PASS
[CHK-20d-shot2-bytes-nonzero] PASS
[CHK-20e-shot2-png-magic] PASS
4743fb272be28e6ef35a3d874adbf0f28adf61be64ebe7ba43171a74dbdb55c5 *shot-2-sixkinds-deployed.png
[CHK-20f-shot2-moved-evidence] PASS
[CHK-21-host4-alive] PASS
[CHK-21b-host5-alive] PASS
[CHK-21c-host4-no-panic] PASS
[CHK-21d-host5-no-panic] PASS
[CHK-22-port-15715-reaped] PASS
[CHK-22-port-15716-reaped] PASS
[CHK-22-port-15717-reaped] PASS
== host6 pid 3331 (spectate closeup, port 15716) ==
[CHK-23-port2-ready-closeup] PASS
--- REQ #1 (port 15716): {"jsonrpc":"2.0","id":1,"method":"game.deploy","params":{"seed":42,"red":[{"kind":"shieldman","count":1},{"kind":"heavyknight","count":1},{"kind":"pikeman","count":1},{"kind":"swordsman","count":1},{"kind":"archer","count":1},{"kind":"militia","count":1}],"blue":[{"kind":"shieldman","count":1},{"kind":"heavyknight","count":1},{"kind":"pikeman","count":1},{"kind":"swordsman","count":1},{"kind":"archer","count":1},{"kind":"militia","count":1}],"lane_len_m":60}}
--- RESP #1 (port 15716): {"jsonrpc":"2.0","id":1,"result":{"alive_blue":6,"alive_red":6,"deploy_hash":"0x0b55ca17dc7888d6","tick":0,"units":12}}
[CHK-24-closeup-deploy-tick0] PASS
[CHK-24b-closeup-deploy-units12] PASS
--- REQ #1 (port 15716): {"jsonrpc":"2.0","id":1,"method":"game.screenshot","params":{}}
--- RESP #1 (port 15716): {"jsonrpc":"2.0","id":1,"result":{"id":0,"status":"requested"}}
[CHK-25-closeup-shot-requested] PASS
--- REQ #1 (port 15716): {"jsonrpc":"2.0","id":1,"method":"game.screenshot","params":{"id":0}}
--- RESP #1 (port 15716): {"jsonrpc":"2.0","id":1,"result":{"bytes":70171,"path":"screenshot-1791319459275-0.png","status":"captured"}}
[CHK-25b-closeup-shot-captured] PASS
shot3: id=0 path=screenshot-1791319459275-0.png bytes=70171
[CHK-25c-closeup-shot-file-exists] PASS
[CHK-25d-closeup-shot-bytes-nonzero] PASS
[CHK-25e-closeup-shot-png-magic] PASS
shot3 dims: 2400x1350（逻辑 1920x1080；125% DPI 物理捕获 2400x1350，README §4 注）
[CHK-25f-closeup-shot-dims-1080p-16v9] PASS
[CHK-25g-closeup-shot-min30k] PASS
4a447ad187e5418345e92d1befd827f71c1cfdc5eba166d51c2c4f7d503fc4d5 *shot-3-sixkinds-closeup-lane60.png
[CHK-25h-closeup-shot-moved-evidence] PASS
--- REQ #1 (port 15716): {"jsonrpc":"2.0","id":1,"method":"game.screenshot","params":{}}
--- RESP #1 (port 15716): {"jsonrpc":"2.0","id":1,"result":{"id":1,"status":"requested"}}
[CHK-26-shot2nd-requested] PASS
--- REQ #1 (port 15716): {"jsonrpc":"2.0","id":1,"method":"game.screenshot","params":{"id":1}}
--- RESP #1 (port 15716): {"jsonrpc":"2.0","id":1,"result":{"bytes":70171,"path":"screenshot-1791319459275-1.png","status":"captured"}}
[CHK-26b-shot2nd-captured] PASS
shot3b: id=1 path=screenshot-1791319459275-1.png（唯一性断言用，用完即弃不进证据集）
shot naming: A(nonce=1791319459275 id=0) B(nonce=1791319459275 id=1)
[CHK-26c-shot-nonce-same-process] PASS
[CHK-26d-shot-id-increment] PASS
[CHK-26e-shot-paths-distinct] PASS
4a447ad187e5418345e92d1befd827f71c1cfdc5eba166d51c2c4f7d503fc4d5 *screenshot-1791319459275-1.png
[CHK-26f-shot2nd-cleaned] PASS
[CHK-26g-host6-alive] PASS
[CHK-26h-host6-no-panic] PASS
== host7 pid 3427 (spectate inject, port 15715, cwd <t019-tree>/docs/evidence/t019/p1-inject-tmp) ==
[CHK-27-port1-ready-inject] PASS
--- REQ #1 (port 15715): {"jsonrpc":"2.0","id":1,"method":"game.deploy","params":{"seed":42,"red":[{"kind":"swordsman","count":1}],"blue":[{"kind":"swordsman","count":1}],"lane_len_m":60}}
--- RESP #1 (port 15715): {"jsonrpc":"2.0","id":1,"result":{"alive_blue":1,"alive_red":1,"deploy_hash":"0x9362e09533e6b978","tick":0,"units":2}}
[CHK-27b-inject-deploy] PASS
--- REQ #1 (port 15715): {"jsonrpc":"2.0","id":1,"method":"game.screenshot","params":{}}
--- RESP #1 (port 15715): {"jsonrpc":"2.0","id":1,"result":{"id":0,"status":"requested"}}
--- REQ #1 (port 15715): {"jsonrpc":"2.0","id":1,"method":"game.screenshot","params":{"id":0}}
--- RESP #1 (port 15715): {"jsonrpc":"2.0","id":1,"result":{"bytes":62177,"path":"screenshot-1791319465701-0.png","status":"captured"}}
[CHK-28-inject-shot0-captured] PASS
inject baseline: path=screenshot-1791319465701-0.png
[CHK-28b-inject-plant-valid-png] PASS
2ba7c2b18bd10e3a3e897685bdaa7d1616124cc0505f5ab2f8991a8a9e539f26 *<t019-tree>/docs/evidence/t019/p1-inject-tmp/screenshot-1791319465701-1.png
--- REQ #1 (port 15715): {"jsonrpc":"2.0","id":1,"method":"game.screenshot","params":{}}
--- RESP #1 (port 15715): {"jsonrpc":"2.0","id":1,"result":{"id":1,"status":"requested"}}
--- REQ #1 (port 15715): {"jsonrpc":"2.0","id":1,"method":"game.screenshot","params":{"id":1}}
--- RESP #1 (port 15715): {"jsonrpc":"2.0","id":1,"result":{"detail":"screenshot #1 capture event arrived but output file check failed: file open failed: 另一个程序正在使用此文件，进程无法访问。 (os error 32); not reporting captured (P1)","status":"pending"}}
  inject poll #1: {"jsonrpc":"2.0","id":1,"result":{"detail":"screenshot #1 capture event arrived but output file check failed: file open failed: 另一个程序正在使用此文件，进程无法访问。 (os error 32); not reporting captured (P1)","status":"pending"}}
--- REQ #1 (port 15715): {"jsonrpc":"2.0","id":1,"method":"game.screenshot","params":{"id":1}}
--- RESP #1 (port 15715): {"jsonrpc":"2.0","id":1,"result":{"detail":"screenshot #1 capture event arrived but output file check failed: file open failed: 另一个程序正在使用此文件，进程无法访问。 (os error 32); not reporting captured (P1)","status":"pending"}}
  inject poll #2: {"jsonrpc":"2.0","id":1,"result":{"detail":"screenshot #1 capture event arrived but output file check failed: file open failed: 另一个程序正在使用此文件，进程无法访问。 (os error 32); not reporting captured (P1)","status":"pending"}}
--- REQ #1 (port 15715): {"jsonrpc":"2.0","id":1,"method":"game.screenshot","params":{"id":1}}
--- RESP #1 (port 15715): {"jsonrpc":"2.0","id":1,"result":{"detail":"screenshot #1 capture event arrived but output file check failed: file open failed: 另一个程序正在使用此文件，进程无法访问。 (os error 32); not reporting captured (P1)","status":"pending"}}
  inject poll #3: {"jsonrpc":"2.0","id":1,"result":{"detail":"screenshot #1 capture event arrived but output file check failed: file open failed: 另一个程序正在使用此文件，进程无法访问。 (os error 32); not reporting captured (P1)","status":"pending"}}
--- REQ #1 (port 15715): {"jsonrpc":"2.0","id":1,"method":"game.screenshot","params":{"id":1}}
--- RESP #1 (port 15715): {"jsonrpc":"2.0","id":1,"result":{"detail":"screenshot #1 capture event arrived but output file check failed: file open failed: 另一个程序正在使用此文件，进程无法访问。 (os error 32); not reporting captured (P1)","status":"pending"}}
  inject poll #4: {"jsonrpc":"2.0","id":1,"result":{"detail":"screenshot #1 capture event arrived but output file check failed: file open failed: 另一个程序正在使用此文件，进程无法访问。 (os error 32); not reporting captured (P1)","status":"pending"}}
--- REQ #1 (port 15715): {"jsonrpc":"2.0","id":1,"method":"game.screenshot","params":{"id":1}}
--- RESP #1 (port 15715): {"jsonrpc":"2.0","id":1,"result":{"detail":"screenshot #1 capture event arrived but output file check failed: file open failed: 另一个程序正在使用此文件，进程无法访问。 (os error 32); not reporting captured (P1)","status":"pending"}}
  inject poll #5: {"jsonrpc":"2.0","id":1,"result":{"detail":"screenshot #1 capture event arrived but output file check failed: file open failed: 另一个程序正在使用此文件，进程无法访问。 (os error 32); not reporting captured (P1)","status":"pending"}}
--- REQ #1 (port 15715): {"jsonrpc":"2.0","id":1,"method":"game.screenshot","params":{"id":1}}
--- RESP #1 (port 15715): {"jsonrpc":"2.0","id":1,"result":{"detail":"screenshot #1 capture event arrived but output file check failed: file open failed: 另一个程序正在使用此文件，进程无法访问。 (os error 32); not reporting captured (P1)","status":"pending"}}
  inject poll #6: {"jsonrpc":"2.0","id":1,"result":{"detail":"screenshot #1 capture event arrived but output file check failed: file open failed: 另一个程序正在使用此文件，进程无法访问。 (os error 32); not reporting captured (P1)","status":"pending"}}
--- REQ #1 (port 15715): {"jsonrpc":"2.0","id":1,"method":"game.screenshot","params":{"id":1}}
--- RESP #1 (port 15715): {"jsonrpc":"2.0","id":1,"result":{"detail":"screenshot #1 capture event arrived but output file check failed: file open failed: 另一个程序正在使用此文件，进程无法访问。 (os error 32); not reporting captured (P1)","status":"pending"}}
  inject poll #7: {"jsonrpc":"2.0","id":1,"result":{"detail":"screenshot #1 capture event arrived but output file check failed: file open failed: 另一个程序正在使用此文件，进程无法访问。 (os error 32); not reporting captured (P1)","status":"pending"}}
--- REQ #1 (port 15715): {"jsonrpc":"2.0","id":1,"method":"game.screenshot","params":{"id":1}}
--- RESP #1 (port 15715): {"jsonrpc":"2.0","id":1,"result":{"detail":"screenshot #1 capture event arrived but output file check failed: file open failed: 另一个程序正在使用此文件，进程无法访问。 (os error 32); not reporting captured (P1)","status":"pending"}}
  inject poll #8: {"jsonrpc":"2.0","id":1,"result":{"detail":"screenshot #1 capture event arrived but output file check failed: file open failed: 另一个程序正在使用此文件，进程无法访问。 (os error 32); not reporting captured (P1)","status":"pending"}}
--- REQ #1 (port 15715): {"jsonrpc":"2.0","id":1,"method":"game.screenshot","params":{"id":1}}
--- RESP #1 (port 15715): {"jsonrpc":"2.0","id":1,"result":{"detail":"screenshot #1 capture event arrived but output file check failed: file open failed: 另一个程序正在使用此文件，进程无法访问。 (os error 32); not reporting captured (P1)","status":"pending"}}
  inject poll #9: {"jsonrpc":"2.0","id":1,"result":{"detail":"screenshot #1 capture event arrived but output file check failed: file open failed: 另一个程序正在使用此文件，进程无法访问。 (os error 32); not reporting captured (P1)","status":"pending"}}
--- REQ #1 (port 15715): {"jsonrpc":"2.0","id":1,"method":"game.screenshot","params":{"id":1}}
--- RESP #1 (port 15715): {"jsonrpc":"2.0","id":1,"result":{"detail":"screenshot #1 capture event arrived but output file check failed: file open failed: 另一个程序正在使用此文件，进程无法访问。 (os error 32); not reporting captured (P1)","status":"pending"}}
  inject poll #10: {"jsonrpc":"2.0","id":1,"result":{"detail":"screenshot #1 capture event arrived but output file check failed: file open failed: 另一个程序正在使用此文件，进程无法访问。 (os error 32); not reporting captured (P1)","status":"pending"}}
--- REQ #1 (port 15715): {"jsonrpc":"2.0","id":1,"method":"game.screenshot","params":{"id":1}}
--- RESP #1 (port 15715): {"jsonrpc":"2.0","id":1,"result":{"detail":"screenshot #1 capture event arrived but output file check failed: file open failed: 另一个程序正在使用此文件，进程无法访问。 (os error 32); not reporting captured (P1)","status":"pending"}}
  inject poll #11: {"jsonrpc":"2.0","id":1,"result":{"detail":"screenshot #1 capture event arrived but output file check failed: file open failed: 另一个程序正在使用此文件，进程无法访问。 (os error 32); not reporting captured (P1)","status":"pending"}}
--- REQ #1 (port 15715): {"jsonrpc":"2.0","id":1,"method":"game.screenshot","params":{"id":1}}
--- RESP #1 (port 15715): {"jsonrpc":"2.0","id":1,"result":{"detail":"screenshot #1 capture event arrived but output file check failed: file open failed: 另一个程序正在使用此文件，进程无法访问。 (os error 32); not reporting captured (P1)","status":"pending"}}
  inject poll #12: {"jsonrpc":"2.0","id":1,"result":{"detail":"screenshot #1 capture event arrived but output file check failed: file open failed: 另一个程序正在使用此文件，进程无法访问。 (os error 32); not reporting captured (P1)","status":"pending"}}
[CHK-29-inject-shot1-never-captured] PASS
[CHK-29b-inject-shot1-pending-final] PASS
[CHK-29c-inject-shot1-detail-present] PASS
[CHK-29d-inject-shot1-stale-flagged] FAIL
[CHK-29e-inject-save-failure-witness] PASS
[CHK-29f-inject-holder-reaped] PASS
[CHK-30-host7-alive] PASS
[CHK-30b-host7-no-panic] PASS
[CHK-30c-inject-tmpdir-cleaned] PASS
[CHK-30d-port-15716-reaped-closeup-inject] PASS
[CHK-30d-port-15715-reaped-closeup-inject] PASS
== SUMMARY: PASS=87 FAIL=1 ==
== SCRIPT_EXIT=1 ==
