== T022 challenge smoke 2026-10-07 02:29:28 ==
== host exe: ../../../target/release/host.exe ==
== host pid 19974 (port 15706) ==
[CHK-00-port-ready-15706] PASS
--- REQ #1: {"jsonrpc":"2.0","id":1,"method":"rpc.discover","params":{}}
--- RESP #1: {"jsonrpc":"2.0","id":1,"result":{"info":{"title":"Bevy Remote Protocol","version":"0.19.1"},"methods":[{"name":"registry.schema","params":[]},{"name":"game.run_tests","params":[]},{"name":"world.query","params":[]},{"name":"world.list_resources","params":[]},{"name":"world.mutate_resources","params":[]},{"name":"world.write_message","params":[]},{"name":"game.outcome","params":[]},{"name":"world.get_components+watch","params":[]},{"name":"world.reparent_entities","params":[]},{"name":"world.mutate_components","params":[]},{"name":"world.remove_resources","params":[]},{"name":"world.get_components","params":[]},{"name":"world.trigger_event","params":[]},{"name":"world.spawn_entity","params":[]},{"name":"schedule.graph","params":[]},{"name":"world.get_resources","params":[]},{"name":"world.list_components+watch","params":[]},{"name":"game.sample_outcomes","params":[]},{"name":"world.despawn_entity","params":[]},{"name":"world.observe+watch","params":[]},{"name":"world.insert_resources","params":[]},{"name":"game.screenshot","params":[]},{"name":"schedule.list","params":[]},{"name":"world.remove_components","params":[]},{"name":"game.deploy","params":[]},{"name":"world.insert_components","params":[]},{"name":"game.run_to_tick","params":[]},{"name":"world.list_components","params":[]},{"name":"game.state_hash","params":[]},{"name":"rpc.discover","params":[]}],"openrpc":"1.3.2","servers":[{"name":"Server","url":"127.0.0.1:15706"}]}}
[CHK-01-discover-run-tests] PASS
--- REQ #1: {"jsonrpc":"2.0","id":1,"method":"game.deploy","params":{"seed":42,"red":[{"kind":"swordsman","count":10}],"blue":[{"kind":"militia","count":30}],"lane_len_m":60,"max_ticks":3600}}
--- RESP #1: {"jsonrpc":"2.0","id":1,"result":{"alive_blue":30,"alive_red":10,"deploy_hash":"0x583ddfef1fc446cf","tick":0,"units":40}}
[CHK-02-few-elite-deploy-hash] PASS
--- REQ #1: {"jsonrpc":"2.0","id":1,"method":"game.outcome","params":{}}
--- RESP #1: {"jsonrpc":"2.0","id":1,"result":{"alive_blue":0,"alive_red":7,"end_tick":2474,"final_hash":"0xa48ce79b1e83e105","winner":"red"}}
[CHK-02b-few-elite-winner] PASS
[CHK-02c-few-elite-end-tick] PASS
[CHK-02d-few-elite-alive-red] PASS
[CHK-02e-few-elite-alive-blue] PASS
[CHK-02f-few-elite-final-hash] PASS
--- REQ #1: {"jsonrpc":"2.0","id":1,"method":"game.deploy","params":{"seed":42,"red":[{"kind":"heavyknight","count":10}],"blue":[{"kind":"militia","count":30}],"lane_len_m":60,"max_ticks":1800}}
--- RESP #1: {"jsonrpc":"2.0","id":1,"result":{"alive_blue":30,"alive_red":10,"deploy_hash":"0x6a96df6f3c94e741","tick":0,"units":40}}
[CHK-03-counter-militia-deploy-hash] PASS
--- REQ #1: {"jsonrpc":"2.0","id":1,"method":"game.outcome","params":{}}
--- RESP #1: {"jsonrpc":"2.0","id":1,"result":{"alive_blue":24,"alive_red":6,"end_tick":1800,"final_hash":"0x3247aae383d5d5bd","winner":"blue"}}
[CHK-03b-counter-militia-winner] PASS
[CHK-03c-counter-militia-end-tick] PASS
[CHK-03d-counter-militia-alive-red] PASS
[CHK-03e-counter-militia-alive-blue] PASS
[CHK-03f-counter-militia-final-hash] PASS
--- REQ #1: {"jsonrpc":"2.0","id":1,"method":"game.deploy","params":{"seed":42,"red":[{"kind":"shieldman","count":20}],"blue":[{"kind":"militia","count":60}],"lane_len_m":60,"max_ticks":1800}}
--- RESP #1: {"jsonrpc":"2.0","id":1,"result":{"alive_blue":60,"alive_red":20,"deploy_hash":"0x9a926533cbf1d445","tick":0,"units":80}}
[CHK-04-iron-wall-deploy-hash] PASS
--- REQ #1: {"jsonrpc":"2.0","id":1,"method":"game.outcome","params":{}}
--- RESP #1: {"jsonrpc":"2.0","id":1,"result":{"alive_blue":56,"alive_red":15,"end_tick":1800,"final_hash":"0x81166458a5437951","winner":"blue"}}
[CHK-04b-iron-wall-winner] PASS
[CHK-04c-iron-wall-end-tick] PASS
[CHK-04d-iron-wall-alive-red] PASS
[CHK-04e-iron-wall-alive-blue] PASS
[CHK-04f-iron-wall-final-hash] PASS
--- REQ #1: {"jsonrpc":"2.0","id":1,"method":"game.run_tests","params":{"suite":"challenges"}}
--- RESP #1: {"jsonrpc":"2.0","id":1,"result":{"failed":0,"passed":3,"results":[{"detail":"winner red end_tick 2474 alive 7/0 final 0xa48ce79b1e83e105 deploy 0x583ddfef1fc446cf == challenge anchor","name":"challenge::few-elite","pass":true},{"detail":"winner blue end_tick 1800 alive 6/24 final 0x3247aae383d5d5bd deploy 0x6a96df6f3c94e741 == challenge anchor","name":"challenge::counter-militia","pass":true},{"detail":"winner blue end_tick 1800 alive 15/56 final 0x81166458a5437951 deploy 0x9a926533cbf1d445 == challenge anchor","name":"challenge::iron-wall","pass":true}],"suite":"challenges","total":3}}
[CHK-05-suite-challenges-name] PASS
[CHK-05b-challenges-total3] PASS
[CHK-05c-challenges-passed3] PASS
[CHK-05d-challenges-failed0] PASS
[CHK-05e-assertion-few-elite] PASS
[CHK-05f-assertion-counter-militia] PASS
[CHK-05g-assertion-iron-wall] PASS
--- REQ #1: {"jsonrpc":"2.0","id":1,"method":"game.run_tests","params":{"suite":"m5-all"}}
--- RESP #1: {"jsonrpc":"2.0","id":1,"result":{"failed":0,"passed":12,"results":[{"detail":"last_hash 0xd3b6408fd46c2008 == golden","name":"golden_units0_seed42_1800","pass":true},{"detail":"last_hash 0x958c5938c8682529 == golden","name":"golden_default_comp_seed42_1800","pass":true},{"detail":"tick 0/900/1800 pairwise identical; final 0x958c5938c8682529","name":"replay_pairwise_checkpoints","pass":true},{"detail":"tick 0 last_hash identical: 0xe2706f0b91a2be8e","name":"deploy_versus_mirror_equivalence","pass":true},{"detail":"t12 pool vs serial identical @tick 900; last_hash 0x7fbb5bd7e46ef448","name":"cross_thread_pool_equivalence_900t","pass":true},{"detail":"red/878/1/0 final_hash 0xfdbc4995554ee691 == golden","name":"battle_golden_shortlane_seed42","pass":true},{"detail":"seed42 0x958c5938c8682529 != seed43 0x54611ed6ded02540; seed43 == T004 golden","name":"seed_sensitivity_42_43","pass":true},{"detail":"freeze: run_battle_with x3 identical (end_tick 878 hash 0xfdbc4995554ee691), tick stays 878; after run(100): world.tick 878 -> 978 (expect 978 = frozen+100; run/step 纯原语语义), frozen cache unchanged (end_tick 878)","name":"outcome_freeze_idempotence_shortlane","pass":true},{"detail":"draw@2000 final_hash 0xa63d948723f692d1 == run(2000) last_hash; alive 30/30","name":"outcome_overrun_semantics","pass":true},{"detail":"winner red end_tick 2474 alive 7/0 final 0xa48ce79b1e83e105 deploy 0x583ddfef1fc446cf == challenge anchor","name":"challenge::few-elite","pass":true},{"detail":"winner blue end_tick 1800 alive 6/24 final 0x3247aae383d5d5bd deploy 0x6a96df6f3c94e741 == challenge anchor","name":"challenge::counter-militia","pass":true},{"detail":"winner blue end_tick 1800 alive 15/56 final 0x81166458a5437951 deploy 0x9a926533cbf1d445 == challenge anchor","name":"challenge::iron-wall","pass":true}],"suite":"m5-all","total":12}}
[CHK-06-m5-all-suite-name] PASS
[CHK-06b-m5-all-total12] PASS
[CHK-06c-m5-all-passed12] PASS
[CHK-06d-m5-all-failed0] PASS
--- REQ #1: {"jsonrpc":"2.0","id":1,"method":"game.run_tests","params":{"suite":"m5-core"}}
--- RESP #1: {"jsonrpc":"2.0","id":1,"result":{"failed":0,"passed":9,"results":[{"detail":"last_hash 0xd3b6408fd46c2008 == golden","name":"golden_units0_seed42_1800","pass":true},{"detail":"last_hash 0x958c5938c8682529 == golden","name":"golden_default_comp_seed42_1800","pass":true},{"detail":"tick 0/900/1800 pairwise identical; final 0x958c5938c8682529","name":"replay_pairwise_checkpoints","pass":true},{"detail":"tick 0 last_hash identical: 0xe2706f0b91a2be8e","name":"deploy_versus_mirror_equivalence","pass":true},{"detail":"t12 pool vs serial identical @tick 900; last_hash 0x7fbb5bd7e46ef448","name":"cross_thread_pool_equivalence_900t","pass":true},{"detail":"red/878/1/0 final_hash 0xfdbc4995554ee691 == golden","name":"battle_golden_shortlane_seed42","pass":true},{"detail":"seed42 0x958c5938c8682529 != seed43 0x54611ed6ded02540; seed43 == T004 golden","name":"seed_sensitivity_42_43","pass":true},{"detail":"freeze: run_battle_with x3 identical (end_tick 878 hash 0xfdbc4995554ee691), tick stays 878; after run(100): world.tick 878 -> 978 (expect 978 = frozen+100; run/step 纯原语语义), frozen cache unchanged (end_tick 878)","name":"outcome_freeze_idempotence_shortlane","pass":true},{"detail":"draw@2000 final_hash 0xa63d948723f692d1 == run(2000) last_hash; alive 30/30","name":"outcome_overrun_semantics","pass":true}],"suite":"m5-core","total":9}}
[CHK-07-m5-core-total9] PASS
[CHK-07b-m5-core-passed9] PASS
--- REQ #1: {"jsonrpc":"2.0","id":1,"method":"game.run_tests","params":{}}
--- RESP #1: {"jsonrpc":"2.0","id":1,"result":{"failed":0,"passed":4,"results":[{"detail":"last_hash 0xd3b6408fd46c2008 == golden","name":"golden_units0_seed42_1800","pass":true},{"detail":"last_hash 0x958c5938c8682529 == golden","name":"golden_default_comp_seed42_1800","pass":true},{"detail":"tick 0/900/1800 pairwise identical; final 0x958c5938c8682529","name":"replay_pairwise_checkpoints","pass":true},{"detail":"tick 0 last_hash identical: 0xe2706f0b91a2be8e","name":"deploy_versus_mirror_equivalence","pass":true}],"suite":"t018-smoke","total":4}}
[CHK-08-default-suite-name] PASS
[CHK-08b-default-total4] PASS
[CHK-08c-default-passed4] PASS
[CHK-09-process-alive] PASS
== SUMMARY: PASS=37 FAIL=0 ==
== SCRIPT_EXIT=0 ==
